Archive member included because of file (symbol)

./gr_common/RLduino78/libraries/EEPROM/utility/pfdl.a(pfdl.o)
                              ./gr_common/RLduino78/libraries/EEPROM/utility/data_flash_util.o (PFDL_Open)
C:/Renesas/e2studio/GNURL78v14.03-ELF/rl78-elf/rl78-elf/lib\libstdc++.a(si_class_type_info.o)
                              ./Adafruit_GFX.o (vtable for __cxxabiv1::__si_class_type_info)
C:/Renesas/e2studio/GNURL78v14.03-ELF/rl78-elf/rl78-elf/lib\libstdc++.a(new_op.o)
                              ./gr_common/RLduino78/libraries/Ethernet/Ethernet.o (operator new(unsigned int))
C:/Renesas/e2studio/GNURL78v14.03-ELF/rl78-elf/rl78-elf/lib\libstdc++.a(eh_throw.o)
                              C:/Renesas/e2studio/GNURL78v14.03-ELF/rl78-elf/rl78-elf/lib\libstdc++.a(new_op.o) (__cxa_throw)
C:/Renesas/e2studio/GNURL78v14.03-ELF/rl78-elf/rl78-elf/lib\libstdc++.a(class_type_info.o)
                              C:/Renesas/e2studio/GNURL78v14.03-ELF/rl78-elf/rl78-elf/lib\libstdc++.a(si_class_type_info.o) (__cxxabiv1::__class_type_info::__do_upcast(__cxxabiv1::__class_type_info const*, void**) const)
C:/Renesas/e2studio/GNURL78v14.03-ELF/rl78-elf/rl78-elf/lib\libstdc++.a(eh_catch.o)
                              C:/Renesas/e2studio/GNURL78v14.03-ELF/rl78-elf/rl78-elf/lib\libstdc++.a(eh_throw.o) (__cxa_begin_catch)
C:/Renesas/e2studio/GNURL78v14.03-ELF/rl78-elf/rl78-elf/lib\libstdc++.a(del_op.o)
                              ./gr_common/RLduino78/libraries/Ethernet/Ethernet.o (operator delete(void*))
C:/Renesas/e2studio/GNURL78v14.03-ELF/rl78-elf/rl78-elf/lib\libstdc++.a(eh_terminate.o)
                              C:/Renesas/e2studio/GNURL78v14.03-ELF/rl78-elf/rl78-elf/lib\libstdc++.a(eh_throw.o) (__cxxabiv1::__terminate(void (*)()))
C:/Renesas/e2studio/GNURL78v14.03-ELF/rl78-elf/rl78-elf/lib\libstdc++.a(eh_personality.o)
                              ./gr_common/RLduino78/cores/Stream.o (__gxx_personality_sj0)
C:/Renesas/e2studio/GNURL78v14.03-ELF/rl78-elf/rl78-elf/lib\libstdc++.a(eh_alloc.o)
                              C:/Renesas/e2studio/GNURL78v14.03-ELF/rl78-elf/rl78-elf/lib\libstdc++.a(new_op.o) (__cxa_allocate_exception)
C:/Renesas/e2studio/GNURL78v14.03-ELF/rl78-elf/rl78-elf/lib\libstdc++.a(eh_unex_handler.o)
                              C:/Renesas/e2studio/GNURL78v14.03-ELF/rl78-elf/rl78-elf/lib\libstdc++.a(eh_throw.o) (__cxxabiv1::__unexpected_handler)
C:/Renesas/e2studio/GNURL78v14.03-ELF/rl78-elf/rl78-elf/lib\libstdc++.a(eh_exception.o)
                              C:/Renesas/e2studio/GNURL78v14.03-ELF/rl78-elf/rl78-elf/lib\libstdc++.a(eh_personality.o) (std::bad_exception::~bad_exception())
C:/Renesas/e2studio/GNURL78v14.03-ELF/rl78-elf/rl78-elf/lib\libstdc++.a(eh_call.o)
                              C:/Renesas/e2studio/GNURL78v14.03-ELF/rl78-elf/rl78-elf/lib\libstdc++.a(eh_personality.o) (__cxa_call_terminate)
C:/Renesas/e2studio/GNURL78v14.03-ELF/rl78-elf/rl78-elf/lib\libstdc++.a(tinfo.o)
                              C:/Renesas/e2studio/GNURL78v14.03-ELF/rl78-elf/rl78-elf/lib\libstdc++.a(class_type_info.o) (std::type_info::~type_info())
C:/Renesas/e2studio/GNURL78v14.03-ELF/rl78-elf/rl78-elf/lib\libstdc++.a(vmi_class_type_info.o)
                              ./Adafruit_LEDBackpack.o (vtable for __cxxabiv1::__vmi_class_type_info)
C:/Renesas/e2studio/GNURL78v14.03-ELF/rl78-elf/rl78-elf/lib\libstdc++.a(eh_term_handler.o)
                              C:/Renesas/e2studio/GNURL78v14.03-ELF/rl78-elf/rl78-elf/lib\libstdc++.a(eh_throw.o) (__cxxabiv1::__terminate_handler)
C:/Renesas/e2studio/GNURL78v14.03-ELF/rl78-elf/rl78-elf/lib\libstdc++.a(pure.o)
                              ./Adafruit_GFX.o (__cxa_pure_virtual)
C:/Renesas/e2studio/GNURL78v14.03-ELF/rl78-elf/rl78-elf/lib\libstdc++.a(bad_alloc.o)
                              C:/Renesas/e2studio/GNURL78v14.03-ELF/rl78-elf/rl78-elf/lib\libstdc++.a(new_op.o) (vtable for std::bad_alloc)
C:/Renesas/e2studio/GNURL78v14.03-ELF/rl78-elf/rl78-elf/lib\libstdc++.a(new_handler.o)
                              C:/Renesas/e2studio/GNURL78v14.03-ELF/rl78-elf/rl78-elf/lib\libstdc++.a(new_op.o) (__new_handler)
C:/Renesas/e2studio/GNURL78v14.03-ELF/rl78-elf/rl78-elf/lib\libstdc++.a(eh_globals.o)
                              C:/Renesas/e2studio/GNURL78v14.03-ELF/rl78-elf/rl78-elf/lib\libstdc++.a(eh_catch.o) (__cxa_get_globals_fast)
C:/Renesas/e2studio/GNURL78v14.03-ELF/rl78-elf/rl78-elf/lib\libnosys.a(write.o)
                              C:/Renesas/e2studio/GNURL78v14.03-ELF/rl78-elf/rl78-elf/lib\libstdc++.a(pure.o) (write)
C:/Renesas/e2studio/GNURL78v14.03-ELF/rl78-elf/rl78-elf/lib\libnosys.a(errno.o)
                              C:/Renesas/e2studio/GNURL78v14.03-ELF/rl78-elf/rl78-elf/lib\libnosys.a(write.o) (errno)
C:/Renesas/e2studio/GNURL78v14.03-ELF/rl78-elf/rl78-elf/lib\libm.a(lib_a-sf_fpclassify.o)
                              ./gr_common/RLduino78/cores/Print.o (__fpclassifyf)
[...]
Memory Configuration

Name             Origin             Length             Attributes
VEC              0x00000000         0x00000002         r
IVEC             0x00000004         0x0000007c         r
OPT              0x000000c0         0x00000004         r
SECURITY_ID      0x000000c4         0x0000000a         r
ROM              0x000000d8         0x0003ff28         r
RAM              0x000faf00         0x00004fe0         w
STACK            0x000ffee0         0x00000002         w
*default*        0x00000000         0xffffffff

Linker script and memory map

LOAD ./Adafruit_GFX.o
LOAD ./Adafruit_LEDBackpack.o
LOAD ./gr_sketch.o
LOAD ./gr_common/RLduino78/cores/HardwareSerial.o
LOAD ./gr_common/RLduino78/cores/IPAddress.o
LOAD ./gr_common/RLduino78/cores/MsTimer2.o
LOAD ./gr_common/RLduino78/cores/Print.o
LOAD ./gr_common/RLduino78/cores/RLduino78_basic.o
LOAD ./gr_common/RLduino78/cores/RLduino78_main.o
LOAD ./gr_common/RLduino78/cores/RLduino78_RTC.o
LOAD ./gr_common/RLduino78/cores/Stream.o
LOAD ./gr_common/RLduino78/cores/WString.o
LOAD ./gr_common/RLduino78/libraries/AndroidAccessory/AndroidAccessory.o
LOAD ./gr_common/RLduino78/libraries/EEPROM/EEPROM.o
LOAD ./gr_common/RLduino78/libraries/Ethernet/Dhcp.o
LOAD ./gr_common/RLduino78/libraries/Ethernet/Dns.o
LOAD ./gr_common/RLduino78/libraries/Ethernet/Ethernet.o
LOAD ./gr_common/RLduino78/libraries/Ethernet/EthernetClient.o
LOAD ./gr_common/RLduino78/libraries/Ethernet/EthernetServer.o
LOAD ./gr_common/RLduino78/libraries/Ethernet/EthernetUdp.o
LOAD ./gr_common/RLduino78/libraries/Ethernet/Twitter.o
LOAD ./gr_common/RLduino78/libraries/Ethernet/utility/socket.o
LOAD ./gr_common/RLduino78/libraries/Ethernet/utility/w5100.o
LOAD ./gr_common/RLduino78/libraries/Ethernet/utility/w5200.o
LOAD ./gr_common/RLduino78/libraries/Ethernet/utility/w5500.o
LOAD ./gr_common/RLduino78/libraries/Firmata/Firmata.o
LOAD ./gr_common/RLduino78/libraries/LiquidCrystal/LiquidCrystal.o
LOAD ./gr_common/RLduino78/libraries/RTC/RTC.o
LOAD ./gr_common/RLduino78/libraries/SD/File.o
LOAD ./gr_common/RLduino78/libraries/SD/SD.o
LOAD ./gr_common/RLduino78/libraries/SD/utility/Sd2Card.o
LOAD ./gr_common/RLduino78/libraries/SD/utility/SdFile.o
LOAD ./gr_common/RLduino78/libraries/SD/utility/SdVolume.o
LOAD ./gr_common/RLduino78/libraries/Servo/Servo.o
LOAD ./gr_common/RLduino78/libraries/SPI/SPI.o
LOAD ./gr_common/RLduino78/libraries/Stepper/Stepper.o
LOAD ./gr_common/RLduino78/libraries/USB_Host_Shield/Max3421e.o
LOAD ./gr_common/RLduino78/libraries/USB_Host_Shield/Usb.o
LOAD ./gr_common/RLduino78/libraries/Wire/Wire.o
LOAD ./gr_common/RLduino78/portable/e2studio/RL78/exception_handler.o
LOAD ./glcdfont.o
LOAD ./gr_common/RLduino78/cores/RLduino78_timer.o
LOAD ./gr_common/RLduino78/libraries/EEPROM/utility/data_flash_util.o
LOAD ./gr_common/RLduino78/libraries/Wire/utility/twi.o
LOAD ./gr_common/RLduino78/portable/e2studio/RL78/interrupt_handlers.o
LOAD ./gr_common/RLduino78/portable/e2studio/RL78/vector_table.o
LOAD ./gr_common/RLduino78/portable/e2studio/RL78/reset_program.o
LOAD ./gr_common/RLduino78/libraries/EEPROM/utility/pfdl.a

.vec            0x00000000        0x2
 *(.vec)
 .vec           0x00000000        0x2 ./gr_common/RLduino78/portable/e2studio/RL78/reset_program.o

.ivec           0x00000004       0x7c
 *(.ivec)
 .ivec          0x00000004       0x7c ./gr_common/RLduino78/portable/e2studio/RL78/vector_table.o
                0x00000004                Vectors
 .ivec          0x00000080        0x0 ./gr_common/RLduino78/portable/e2studio/RL78/reset_program.o

.opt            0x000000c0        0x4
 *(.opt)
 .opt           0x000000c0        0x4 ./gr_common/RLduino78/portable/e2studio/RL78/vector_table.o
                0x000000c0                Option_Bytes

.security_id    0x000000c4        0xa
 *(.security_id)
 .security_id   0x000000c4        0xa ./gr_common/RLduino78/portable/e2studio/RL78/vector_table.o
                0x000000c4                Security_Id

.csstart        0x000000d8        0x4
 *(.csstart)
 .csstart       0x000000d8        0x4 ./gr_common/RLduino78/portable/e2studio/RL78/reset_program.o
                0x000000d8                _csstart

.lowtext        0x000000dc      0x440
 *(.plt)
 .plt           0x000000dc      0x440 ./Adafruit_GFX.o
 *(.lowtext)

.data           0x000faf90      0x4a2 load address 0x0000051c
                0x000faf90                . = ALIGN (0x2)
                0x000faf90                PROVIDE (__datastart, .)
 *(.jcr)
 .jcr           0x000faf90        0x0 C:/Renesas/e2studio/GNURL78v14.03-ELF/rl78-elf/lib/gcc/rl78-elf/4.8-GNURL78_v14.03/crtbegin.o
 .jcr           0x000faf90        0x2 C:/Renesas/e2studio/GNURL78v14.03-ELF/rl78-elf/lib/gcc/rl78-elf/4.8-GNURL78_v14.03/crtend.o
 *(.data.rel.ro.local)
 *(.data.rel.ro*)
 *(.dynamic)
 *(.data D .data.* .gnu.linkonce.d.*)
 .data.led_blue
                0x000faf92        0x2 ./gr_sketch.o
                0x000faf92                led_blue
 .data.led_green
                0x000faf94        0x2 ./gr_sketch.o
                0x000faf94                led_green
 .data.led_red  0x000faf96        0x2 ./gr_sketch.o
                0x000faf96                led_red
 .data._ZL11g_u8TonePin
                0x000faf98        0x1 ./gr_common/RLduino78/cores/RLduino78_basic.o
 *fill*         0x000faf99        0x1 
 .data._ZN8SdVolume17cacheBlockNumber_E
                0x000faf9a        0x4 ./gr_common/RLduino78/libraries/SD/utility/SdVolume.o
                0x000faf9a                SdVolume::cacheBlockNumber_
 .data.g_servo_refresh_interval
                0x000faf9e        0x2 ./gr_common/RLduino78/libraries/Servo/Servo.o
                0x000faf9e                g_servo_refresh_interval
 .data          0x000fafa0        0x4 ./gr_common/RLduino78/portable/e2studio/RL78/reset_program.o
 .data._ZN10__cxxabiv120__unexpected_handlerE
                0x000fafa4        0x2 C:/Renesas/e2studio/GNURL78v14.03-ELF/rl78-elf/rl78-elf/lib\libstdc++.a(eh_unex_handler.o)
                0x000fafa4                __cxxabiv1::__unexpected_handler
 .data._ZN10__cxxabiv119__terminate_handlerE
                0x000fafa6        0x2 C:/Renesas/e2studio/GNURL78v14.03-ELF/rl78-elf/rl78-elf/lib\libstdc++.a(eh_term_handler.o)
                0x000fafa6                __cxxabiv1::__terminate_handler
 .data          0x000fafa8      0x22a C:/Renesas/e2studio/GNURL78v14.03-ELF/rl78-elf/rl78-elf/lib\libc.a(lib_a-mallocr.o)
                0x000fafa8                __malloc_current_mallinfo
                0x000fafbc                __malloc_max_total_mem
                0x000fafc0                __malloc_max_sbrked_mem
                0x000fafc4                __malloc_sbrk_base
                0x000fafc6                __malloc_top_pad
                0x000fafca                __malloc_trim_threshold
                0x000fafce                __malloc_av_
 .data          0x000fb1d2      0x260 C:/Renesas/e2studio/GNURL78v14.03-ELF/rl78-elf/rl78-elf/lib\libc.a(lib_a-impure.o)
                0x000fb1d2                _impure_ptr
 *reset_program.o(*.data)
 *(.gnu.linkonce.d.*personality*)
 *(.data1)
 *(.got.plt)
 *(.got)
                0x000fb432                . = ALIGN (0x2)
 *(.sdata .sdata.* .gnu.linkonce.s.* D_2 D_1)
                0x000fb432                . = ALIGN (0x2)
                0x000fb432                _edata = .
                0x000fb432                PROVIDE (edata, .)
                0x000fb432                PROVIDE (__dataend, .)
                0x0000051c                PROVIDE (__romdatastart, LOADADDR (.data))
                0x000004a2                PROVIDE (__romdatacopysize, SIZEOF (.data))

.tm_clone_table
                0x000fb432        0x0 load address 0x000009be
 .tm_clone_table
                0x000fb432        0x0 C:/Renesas/e2studio/GNURL78v14.03-ELF/rl78-elf/lib/gcc/rl78-elf/4.8-GNURL78_v14.03/crtbegin.o
 .tm_clone_table
                0x000fb432        0x0 C:/Renesas/e2studio/GNURL78v14.03-ELF/rl78-elf/lib/gcc/rl78-elf/4.8-GNURL78_v14.03/crtend.o

.bss            0x000fb432      0x8ea load address 0x000009be
                0x000fb432                . = ALIGN (0x2)
                0x000fb432                PROVIDE (__bssstart, .)
 *(.dynbss)
 *(.sbss .sbss.*)
 *(.bss B B_2 B_1 .bss.* .gnu.linkonce.b.*)
 .bss.cnt       0x000fb432        0x2 ./gr_sketch.o
                0x000fb432                cnt
 .bss.hour      0x000fb434        0x1 ./gr_sketch.o
                0x000fb434                hour
 .bss.min       0x000fb435        0x1 ./gr_sketch.o
                0x000fb435                min
 .bss.ready     0x000fb436        0x2 ./gr_sketch.o
                0x000fb436                ready
 .bss.prev      0x000fb438        0x2 ./gr_sketch.o
                0x000fb438                prev
 .bss.cntTime   0x000fb43a        0x4 ./gr_sketch.o
                0x000fb43a                cntTime
 .bss.phase     0x000fb43e        0x2 ./gr_sketch.o
                0x000fb43e                phase
 .bss.bit       0x000fb440       0x3e ./gr_sketch.o
                0x000fb440                bit
 .bss.matrix    0x000fb47e       0x2c ./gr_sketch.o
                0x000fb47e                matrix
 .bss.Serial2   0x000fb4aa       0x12 ./gr_common/RLduino78/cores/HardwareSerial.o
                0x000fb4aa                Serial2
 .bss.Serial1   0x000fb4bc       0x12 ./gr_common/RLduino78/cores/HardwareSerial.o
                0x000fb4bc                Serial1
 .bss.Serial    0x000fb4ce       0x12 ./gr_common/RLduino78/cores/HardwareSerial.o
                0x000fb4ce                Serial
 .bss.tx_buffer2
                0x000fb4e0       0x44 ./gr_common/RLduino78/cores/HardwareSerial.o
                0x000fb4e0                tx_buffer2
 .bss.rx_buffer2
                0x000fb524       0x44 ./gr_common/RLduino78/cores/HardwareSerial.o
                0x000fb524                rx_buffer2
 .bss.tx_buffer1
                0x000fb568       0x44 ./gr_common/RLduino78/cores/HardwareSerial.o
                0x000fb568                tx_buffer1
 .bss.rx_buffer1
                0x000fb5ac       0x44 ./gr_common/RLduino78/cores/HardwareSerial.o
                0x000fb5ac                rx_buffer1
 .bss.tx_buffer
                0x000fb5f0       0x44 ./gr_common/RLduino78/cores/HardwareSerial.o
                0x000fb5f0                tx_buffer
 .bss.rx_buffer
                0x000fb634       0x44 ./gr_common/RLduino78/cores/HardwareSerial.o
                0x000fb634                rx_buffer
 .bss._ZL11INADDR_NONE
                0x000fb678        0x6 ./gr_common/RLduino78/cores/IPAddress.o
 .bss._ZL7g_SwPwm
                0x000fb67e       0x18 ./gr_common/RLduino78/cores/RLduino78_basic.o
 .bss._ZL19g_u8SwPwmTicksCount
                0x000fb696        0x1 ./gr_common/RLduino78/cores/RLduino78_basic.o
 *fill*         0x000fb697        0x1 
 .bss._ZL20g_CyclicHandlerTable
                0x000fb698       0x70 ./gr_common/RLduino78/cores/RLduino78_basic.o
 .bss._ZL22g_afInterruptFuncTable
                0x000fb708        0x4 ./gr_common/RLduino78/cores/RLduino78_basic.o
 .bss._ZL23g_u32ToneInterruptCount
                0x000fb70c        0x4 ./gr_common/RLduino78/cores/RLduino78_basic.o
 .bss._ZL17g_u32ToneDuration
                0x000fb710        0x4 ./gr_common/RLduino78/cores/RLduino78_basic.o
 .bss._ZL14g_u8ToneToggle
                0x000fb714        0x1 ./gr_common/RLduino78/cores/RLduino78_basic.o
 .bss._ZL19g_bAdcInterruptFlag
                0x000fb715        0x1 ./gr_common/RLduino78/cores/RLduino78_basic.o
 .bss._ZL22g_u8OperationClockMode
                0x000fb716        0x1 ./gr_common/RLduino78/cores/RLduino78_basic.o
 .bss._ZL23g_u8PowerManagementMode
                0x000fb717        0x1 ./gr_common/RLduino78/cores/RLduino78_basic.o
 .bss._ZL29g_u8AnalogWriteAvailableTable
                0x000fb718       0x19 ./gr_common/RLduino78/cores/RLduino78_basic.o
 .bss.g_u8ResetFlag
                0x000fb731        0x1 ./gr_common/RLduino78/cores/RLduino78_main.o
                0x000fb731                g_u8ResetFlag
 .bss._ZL33g_fRTCConstantPeriodInterruptFunc
                0x000fb732        0x2 ./gr_common/RLduino78/cores/RLduino78_RTC.o
 .bss._ZL19g_fRTCInterruptFunc
                0x000fb734        0x2 ./gr_common/RLduino78/cores/RLduino78_RTC.o
 .bss._ZL11INADDR_NONE
                0x000fb736        0x6 ./gr_common/RLduino78/libraries/Ethernet/Dhcp.o
 .bss._ZL11INADDR_NONE
                0x000fb73c        0x6 ./gr_common/RLduino78/libraries/Ethernet/Dns.o
 .bss.Ethernet  0x000fb742        0x8 ./gr_common/RLduino78/libraries/Ethernet/Ethernet.o
                0x000fb742                Ethernet
 .bss._ZL11INADDR_NONE
                0x000fb74a        0x6 ./gr_common/RLduino78/libraries/Ethernet/Ethernet.o
 .bss._ZL11INADDR_NONE
                0x000fb750        0x6 ./gr_common/RLduino78/libraries/Ethernet/EthernetClient.o
 .bss._ZL11INADDR_NONE
                0x000fb756        0x6 ./gr_common/RLduino78/libraries/Ethernet/EthernetServer.o
 .bss._ZL11INADDR_NONE
                0x000fb75c        0x6 ./gr_common/RLduino78/libraries/Ethernet/EthernetUdp.o
 .bss._ZL11INADDR_NONE
                0x000fb762        0x6 ./gr_common/RLduino78/libraries/Ethernet/Twitter.o
 .bss.Firmata   0x000fb768       0x3c ./gr_common/RLduino78/libraries/Firmata/Firmata.o
                0x000fb768                Firmata
 .bss.SD        0x000fb7a4       0x50 ./gr_common/RLduino78/libraries/SD/SD.o
                0x000fb7a4                SD
 .bss._ZN6SdFile9dateTime_E
                0x000fb7f4        0x2 ./gr_common/RLduino78/libraries/SD/utility/SdFile.o
                0x000fb7f4                SdFile::dateTime_
 .bss._ZN8SdVolume17cacheMirrorBlock_E
                0x000fb7f6        0x4 ./gr_common/RLduino78/libraries/SD/utility/SdVolume.o
                0x000fb7f6                SdVolume::cacheMirrorBlock_
 .bss._ZN8SdVolume11cacheDirty_E
                0x000fb7fa        0x1 ./gr_common/RLduino78/libraries/SD/utility/SdVolume.o
                0x000fb7fa                SdVolume::cacheDirty_
 *fill*         0x000fb7fb        0x1 
 .bss._ZN8SdVolume7sdCard_E
                0x000fb7fc        0x2 ./gr_common/RLduino78/libraries/SD/utility/SdVolume.o
                0x000fb7fc                SdVolume::sdCard_
 .bss._ZN8SdVolume12cacheBuffer_E
                0x000fb7fe      0x206 ./gr_common/RLduino78/libraries/SD/utility/SdVolume.o
                0x000fb7fe                SdVolume::cacheBuffer_
 .bss.totalTicks
                0x000fba04        0x2 ./gr_common/RLduino78/libraries/Servo/Servo.o
                0x000fba04                totalTicks
 .bss.ServoCount
                0x000fba06        0x1 ./gr_common/RLduino78/libraries/Servo/Servo.o
                0x000fba06                ServoCount
 .bss._ZL7Channel
                0x000fba07        0x1 ./gr_common/RLduino78/libraries/Servo/Servo.o
 .bss._ZL6servos
                0x000fba08       0x30 ./gr_common/RLduino78/libraries/Servo/Servo.o
 .bss.Wire      0x000fba38        0xc ./gr_common/RLduino78/libraries/Wire/Wire.o
                0x000fba38                Wire
 .bss._ZN7TwoWire12transmittingE
                0x000fba44        0x1 ./gr_common/RLduino78/libraries/Wire/Wire.o
                0x000fba44                TwoWire::transmitting
 .bss._ZN7TwoWire14txBufferLengthE
                0x000fba45        0x1 ./gr_common/RLduino78/libraries/Wire/Wire.o
                0x000fba45                TwoWire::txBufferLength
 .bss._ZN7TwoWire13txBufferIndexE
                0x000fba46        0x1 ./gr_common/RLduino78/libraries/Wire/Wire.o
                0x000fba46                TwoWire::txBufferIndex
 .bss._ZN7TwoWire8txBufferE
                0x000fba47       0x20 ./gr_common/RLduino78/libraries/Wire/Wire.o
                0x000fba47                TwoWire::txBuffer
 .bss._ZN7TwoWire9txAddressE
                0x000fba67        0x1 ./gr_common/RLduino78/libraries/Wire/Wire.o
                0x000fba67                TwoWire::txAddress
 .bss._ZN7TwoWire14rxBufferLengthE
                0x000fba68        0x1 ./gr_common/RLduino78/libraries/Wire/Wire.o
                0x000fba68                TwoWire::rxBufferLength
 .bss._ZN7TwoWire13rxBufferIndexE
                0x000fba69        0x1 ./gr_common/RLduino78/libraries/Wire/Wire.o
                0x000fba69                TwoWire::rxBufferIndex
 .bss._ZN7TwoWire8rxBufferE
                0x000fba6a       0x20 ./gr_common/RLduino78/libraries/Wire/Wire.o
                0x000fba6a                TwoWire::rxBuffer
 .bss.g_fITInterruptFunc
                0x000fba8a        0x2 ./gr_common/RLduino78/cores/RLduino78_timer.o
                0x000fba8a                g_fITInterruptFunc
 .bss.g_timer05_overflow_count
                0x000fba8c        0x4 ./gr_common/RLduino78/cores/RLduino78_timer.o
                0x000fba8c                g_timer05_overflow_count
 .bss.g_u32delay_timer
                0x000fba90        0x4 ./gr_common/RLduino78/cores/RLduino78_timer.o
                0x000fba90                g_u32delay_timer
 .bss.g_u32timer_millis
                0x000fba94        0x4 ./gr_common/RLduino78/cores/RLduino78_timer.o
                0x000fba94                g_u32timer_millis
 .bss.i2cSlaveReciver
                0x000fba98        0x1 ./gr_common/RLduino78/libraries/Wire/utility/twi.o
 .bss.slaveAddress
                0x000fba99        0x1 ./gr_common/RLduino78/libraries/Wire/utility/twi.o
 .bss.i2cStop   0x000fba9a        0x1 ./gr_common/RLduino78/libraries/Wire/utility/twi.o
 .bss.twi_error
                0x000fba9b        0x1 ./gr_common/RLduino78/libraries/Wire/utility/twi.o
 .bss.twi_rxBufferIndex
                0x000fba9c        0x1 ./gr_common/RLduino78/libraries/Wire/utility/twi.o
 .bss.twi_rxBuffer
                0x000fba9d       0x20 ./gr_common/RLduino78/libraries/Wire/utility/twi.o
 .bss.twi_txBufferLength
                0x000fbabd        0x1 ./gr_common/RLduino78/libraries/Wire/utility/twi.o
 .bss.twi_txBufferIndex
                0x000fbabe        0x1 ./gr_common/RLduino78/libraries/Wire/utility/twi.o
 .bss.twi_txBuffer
                0x000fbabf       0x20 ./gr_common/RLduino78/libraries/Wire/utility/twi.o
 .bss.twi_masterBufferLength
                0x000fbadf        0x1 ./gr_common/RLduino78/libraries/Wire/utility/twi.o
 .bss.twi_masterBufferIndex
                0x000fbae0        0x1 ./gr_common/RLduino78/libraries/Wire/utility/twi.o
 .bss.twi_masterBuffer
                0x000fbae1       0x20 ./gr_common/RLduino78/libraries/Wire/utility/twi.o
 *fill*         0x000fbb01        0x1 
 .bss.twi_onSlaveReceive
                0x000fbb02        0x2 ./gr_common/RLduino78/libraries/Wire/utility/twi.o
 .bss.twi_onSlaveTransmit
                0x000fbb04        0x2 ./gr_common/RLduino78/libraries/Wire/utility/twi.o
 .bss.twi_inRepStart
                0x000fbb06        0x1 ./gr_common/RLduino78/libraries/Wire/utility/twi.o
 .bss.twi_sendStop
                0x000fbb07        0x1 ./gr_common/RLduino78/libraries/Wire/utility/twi.o
 .bss.twi_slarw
                0x000fbb08        0x1 ./gr_common/RLduino78/libraries/Wire/utility/twi.o
 .bss.twi_state
                0x000fbb09        0x1 ./gr_common/RLduino78/libraries/Wire/utility/twi.o
 .bss.INT_TM_HOOK
                0x000fbb0a        0x2 ./gr_common/RLduino78/portable/e2studio/RL78/interrupt_handlers.o
                0x000fbb0a                INT_TM_HOOK
 .bss           0x000fbb0c        0x0 ./gr_common/RLduino78/portable/e2studio/RL78/reset_program.o
 .bss           0x000fbb0c        0x4 C:/Renesas/e2studio/GNURL78v14.03-ELF/rl78-elf/lib/gcc/rl78-elf/4.8-GNURL78_v14.03/crtbegin.o
 .bss._ZL14emergency_used
                0x000fbb10        0x2 C:/Renesas/e2studio/GNURL78v14.03-ELF/rl78-elf/rl78-elf/lib\libstdc++.a(eh_alloc.o)
 .bss._ZL16emergency_buffer
                0x000fbb12      0x200 C:/Renesas/e2studio/GNURL78v14.03-ELF/rl78-elf/rl78-elf/lib\libstdc++.a(eh_alloc.o)
 .bss._ZL10eh_globals
                0x000fbd12        0x4 C:/Renesas/e2studio/GNURL78v14.03-ELF/rl78-elf/rl78-elf/lib\libstdc++.a(eh_globals.o)
 .bss.fc_static
                0x000fbd16        0x2 C:/Renesas/e2studio/GNURL78v14.03-ELF/rl78-elf/lib/gcc/rl78-elf/4.8-GNURL78_v14.03\libgcc.a(unwind-sjlj.o)
 .bss           0x000fbd18        0x2 C:/Renesas/e2studio/GNURL78v14.03-ELF/rl78-elf/rl78-elf/lib\libnosys.a(sbrk.o)
 *reset_program.o(.bss)
                0x000fbd1a                . = ALIGN (0x2)
 *(COMMON)
 COMMON         0x000fbd1a        0x2 C:/Renesas/e2studio/GNURL78v14.03-ELF/rl78-elf/rl78-elf/lib\libnosys.a(errno.o)
                0x000fbd1a                errno
                0x000fbd1c                . = ALIGN (0x2)
                0x000fbd1c                PROVIDE (__bssend, .)
                0x000fbd1c                _end = .
                0x000fbd1c                PROVIDE (end, .)
                0x000008ea                PROVIDE (__bsssize, SIZEOF (.bss))

.stack          0x000ffe00        0x0
                0x000ffe00                PROVIDE (__stack, .)
 *(.stack)

.rodata         0x00003000      0x4ce
                0x00003000                . = ALIGN (0x2)
 *(.plt)
 *(.rodata C C_2 C_1 .rodata.* .gnu.linkonce.r.*)
 .rodata._ZTS12Adafruit_GFX
                0x00003000        0xf ./Adafruit_GFX.o
                0x00003000                typeinfo name for Adafruit_GFX
 *fill*         0x0000300f        0x1 
 .rodata._ZTI12Adafruit_GFX
                0x00003010        0x6 ./Adafruit_GFX.o
                0x00003010                typeinfo for Adafruit_GFX
 .rodata._ZTV12Adafruit_GFX
                0x00003016       0x18 ./Adafruit_GFX.o
                0x00003016                vtable for Adafruit_GFX
 .rodata._ZTI20Adafruit_LEDBackpack
                0x0000302e        0x4 ./Adafruit_LEDBackpack.o
                0x0000302e                typeinfo for Adafruit_LEDBackpack
 .rodata._ZTS20Adafruit_LEDBackpack
                0x00003032       0x17 ./Adafruit_LEDBackpack.o
                0x00003032                typeinfo name for Adafruit_LEDBackpack
 .rodata._ZTS22Adafruit_BicolorMatrix
                0x00003049       0x19 ./Adafruit_LEDBackpack.o
                0x00003049                typeinfo name for Adafruit_BicolorMatrix
 .rodata._ZTI22Adafruit_BicolorMatrix
                0x00003062       0x14 ./Adafruit_LEDBackpack.o
                0x00003062                typeinfo for Adafruit_BicolorMatrix
 .rodata._ZTV22Adafruit_BicolorMatrix
                0x00003076       0x18 ./Adafruit_LEDBackpack.o
                0x00003076                vtable for Adafruit_BicolorMatrix
 .rodata        0x0000308e       0x14 ./gr_sketch.o
 .rodata._ZTI6Stream
                0x000030a2        0x6 ./gr_common/RLduino78/cores/HardwareSerial.o
                0x000030a2                typeinfo for Stream
 .rodata._ZTS6Stream
                0x000030a8        0x8 ./gr_common/RLduino78/cores/HardwareSerial.o
                0x000030a8                typeinfo name for Stream
 .rodata._ZTS14HardwareSerial
                0x000030b0       0x11 ./gr_common/RLduino78/cores/HardwareSerial.o
                0x000030b0                typeinfo name for HardwareSerial
 *fill*         0x000030c1        0x1 
 .rodata._ZTI14HardwareSerial
                0x000030c2        0x6 ./gr_common/RLduino78/cores/HardwareSerial.o
                0x000030c2                typeinfo for HardwareSerial
 .rodata._ZTV14HardwareSerial
                0x000030c8       0x10 ./gr_common/RLduino78/cores/HardwareSerial.o
                0x000030c8                vtable for HardwareSerial
 .rodata._ZTI9Printable
                0x000030d8        0x4 ./gr_common/RLduino78/cores/IPAddress.o
                0x000030d8                typeinfo for Printable
 .rodata._ZTS9Printable
                0x000030dc        0xb ./gr_common/RLduino78/cores/IPAddress.o
                0x000030dc                typeinfo name for Printable
 .rodata._ZTS9IPAddress
                0x000030e7        0xb ./gr_common/RLduino78/cores/IPAddress.o
                0x000030e7                typeinfo name for IPAddress
 .rodata._ZTI9IPAddress
                0x000030f2        0x6 ./gr_common/RLduino78/cores/IPAddress.o
                0x000030f2                typeinfo for IPAddress
 .rodata._ZTV9IPAddress
                0x000030f8        0x6 ./gr_common/RLduino78/cores/IPAddress.o
                0x000030f8                vtable for IPAddress
 .rodata._ZTS5Print
                0x000030fe        0x7 ./gr_common/RLduino78/cores/Print.o
                0x000030fe                typeinfo name for Print
 *fill*         0x00003105        0x1 
 .rodata._ZTI5Print
                0x00003106        0x4 ./gr_common/RLduino78/cores/Print.o
                0x00003106                typeinfo for Print
 .rodata.PinTable
                0x0000310a      0x15e ./gr_common/RLduino78/cores/RLduino78_basic.o
                0x0000310a                PinTable
 .rodata._ZTS6SdFile
                0x00003268        0x8 ./gr_common/RLduino78/libraries/SD/utility/SdFile.o
                0x00003268                typeinfo name for SdFile
 .rodata._ZTI6SdFile
                0x00003270        0x6 ./gr_common/RLduino78/libraries/SD/utility/SdFile.o
                0x00003270                typeinfo for SdFile
 .rodata._ZTV6SdFile
                0x00003276        0x8 ./gr_common/RLduino78/libraries/SD/utility/SdFile.o
                0x00003276                vtable for SdFile
 .rodata._ZTS7TwoWire
                0x0000327e        0x9 ./gr_common/RLduino78/libraries/Wire/Wire.o
                0x0000327e                typeinfo name for TwoWire
 *fill*         0x00003287        0x1 
 .rodata._ZTI7TwoWire
                0x00003288        0x6 ./gr_common/RLduino78/libraries/Wire/Wire.o
                0x00003288                typeinfo for TwoWire
 .rodata._ZTV7TwoWire
                0x0000328e       0x10 ./gr_common/RLduino78/libraries/Wire/Wire.o
                0x0000328e                vtable for TwoWire
 .rodata._ZTSN10__cxxabiv120__si_class_type_infoE
                0x0000329e       0x25 C:/Renesas/e2studio/GNURL78v14.03-ELF/rl78-elf/rl78-elf/lib\libstdc++.a(si_class_type_info.o)
                0x0000329e                typeinfo name for __cxxabiv1::__si_class_type_info
 *fill*         0x000032c3        0x1 
 .rodata._ZTIN10__cxxabiv120__si_class_type_infoE
                0x000032c4        0x6 C:/Renesas/e2studio/GNURL78v14.03-ELF/rl78-elf/rl78-elf/lib\libstdc++.a(si_class_type_info.o)
                0x000032c4                typeinfo for __cxxabiv1::__si_class_type_info
 .rodata._ZTVN10__cxxabiv120__si_class_type_infoE
                0x000032ca       0x16 C:/Renesas/e2studio/GNURL78v14.03-ELF/rl78-elf/rl78-elf/lib\libstdc++.a(si_class_type_info.o)
                0x000032ca                vtable for __cxxabiv1::__si_class_type_info
 .rodata._ZTSN10__cxxabiv117__class_type_infoE
                0x000032e0       0x22 C:/Renesas/e2studio/GNURL78v14.03-ELF/rl78-elf/rl78-elf/lib\libstdc++.a(class_type_info.o)
                0x000032e0                typeinfo name for __cxxabiv1::__class_type_info
 .rodata._ZTIN10__cxxabiv117__class_type_infoE
                0x00003302        0x6 C:/Renesas/e2studio/GNURL78v14.03-ELF/rl78-elf/rl78-elf/lib\libstdc++.a(class_type_info.o)
                0x00003302                typeinfo for __cxxabiv1::__class_type_info
 .rodata._ZTVN10__cxxabiv117__class_type_infoE
                0x00003308       0x16 C:/Renesas/e2studio/GNURL78v14.03-ELF/rl78-elf/rl78-elf/lib\libstdc++.a(class_type_info.o)
                0x00003308                vtable for __cxxabiv1::__class_type_info
 .rodata        0x0000331e       0x22 C:/Renesas/e2studio/GNURL78v14.03-ELF/rl78-elf/rl78-elf/lib\libstdc++.a(eh_exception.o)
 .rodata._ZTSSt9exception
                0x00003340        0xd C:/Renesas/e2studio/GNURL78v14.03-ELF/rl78-elf/rl78-elf/lib\libstdc++.a(eh_exception.o)
                0x00003340                typeinfo name for std::exception
 *fill*         0x0000334d        0x1 
 .rodata._ZTISt9exception
                0x0000334e        0x4 C:/Renesas/e2studio/GNURL78v14.03-ELF/rl78-elf/rl78-elf/lib\libstdc++.a(eh_exception.o)
                0x0000334e                typeinfo for std::exception
 .rodata._ZTSSt13bad_exception
                0x00003352       0x12 C:/Renesas/e2studio/GNURL78v14.03-ELF/rl78-elf/rl78-elf/lib\libstdc++.a(eh_exception.o)
                0x00003352                typeinfo name for std::bad_exception
 .rodata._ZTISt13bad_exception
                0x00003364        0x6 C:/Renesas/e2studio/GNURL78v14.03-ELF/rl78-elf/rl78-elf/lib\libstdc++.a(eh_exception.o)
                0x00003364                typeinfo for std::bad_exception
 .rodata._ZTSN10__cxxabiv115__forced_unwindE
                0x0000336a       0x20 C:/Renesas/e2studio/GNURL78v14.03-ELF/rl78-elf/rl78-elf/lib\libstdc++.a(eh_exception.o)
                0x0000336a                typeinfo name for __cxxabiv1::__forced_unwind
 .rodata._ZTIN10__cxxabiv115__forced_unwindE
                0x0000338a        0x4 C:/Renesas/e2studio/GNURL78v14.03-ELF/rl78-elf/rl78-elf/lib\libstdc++.a(eh_exception.o)
                0x0000338a                typeinfo for __cxxabiv1::__forced_unwind
 .rodata._ZTSN10__cxxabiv119__foreign_exceptionE
                0x0000338e       0x24 C:/Renesas/e2studio/GNURL78v14.03-ELF/rl78-elf/rl78-elf/lib\libstdc++.a(eh_exception.o)
                0x0000338e                typeinfo name for __cxxabiv1::__foreign_exception
 .rodata._ZTIN10__cxxabiv119__foreign_exceptionE
                0x000033b2        0x4 C:/Renesas/e2studio/GNURL78v14.03-ELF/rl78-elf/rl78-elf/lib\libstdc++.a(eh_exception.o)
                0x000033b2                typeinfo for __cxxabiv1::__foreign_exception
 .rodata._ZTVSt9exception
                0x000033b6        0xa C:/Renesas/e2studio/GNURL78v14.03-ELF/rl78-elf/rl78-elf/lib\libstdc++.a(eh_exception.o)
                0x000033b6                vtable for std::exception
 .rodata._ZTVSt13bad_exception
                0x000033c0        0xa C:/Renesas/e2studio/GNURL78v14.03-ELF/rl78-elf/rl78-elf/lib\libstdc++.a(eh_exception.o)
                0x000033c0                vtable for std::bad_exception
 .rodata._ZTSSt9type_info
                0x000033ca        0xd C:/Renesas/e2studio/GNURL78v14.03-ELF/rl78-elf/rl78-elf/lib\libstdc++.a(tinfo.o)
                0x000033ca                typeinfo name for std::type_info
 *fill*         0x000033d7        0x1 
 .rodata._ZTISt9type_info
                0x000033d8        0x4 C:/Renesas/e2studio/GNURL78v14.03-ELF/rl78-elf/rl78-elf/lib\libstdc++.a(tinfo.o)
                0x000033d8                typeinfo for std::type_info
 .rodata._ZTVSt9type_info
                0x000033dc       0x10 C:/Renesas/e2studio/GNURL78v14.03-ELF/rl78-elf/rl78-elf/lib\libstdc++.a(tinfo.o)
                0x000033dc                vtable for std::type_info
 .rodata._ZTSN10__cxxabiv121__vmi_class_type_infoE
                0x000033ec       0x26 C:/Renesas/e2studio/GNURL78v14.03-ELF/rl78-elf/rl78-elf/lib\libstdc++.a(vmi_class_type_info.o)
                0x000033ec                typeinfo name for __cxxabiv1::__vmi_class_type_info
 .rodata._ZTIN10__cxxabiv121__vmi_class_type_infoE
                0x00003412        0x6 C:/Renesas/e2studio/GNURL78v14.03-ELF/rl78-elf/rl78-elf/lib\libstdc++.a(vmi_class_type_info.o)
                0x00003412                typeinfo for __cxxabiv1::__vmi_class_type_info
 .rodata._ZTVN10__cxxabiv121__vmi_class_type_infoE
                0x00003418       0x16 C:/Renesas/e2studio/GNURL78v14.03-ELF/rl78-elf/rl78-elf/lib\libstdc++.a(vmi_class_type_info.o)
                0x00003418                vtable for __cxxabiv1::__vmi_class_type_info
 .rodata        0x0000342e       0x3b C:/Renesas/e2studio/GNURL78v14.03-ELF/rl78-elf/rl78-elf/lib\libstdc++.a(pure.o)
 *fill*         0x00003469        0x1 
 .rodata        0x0000346a        0x4 C:/Renesas/e2studio/GNURL78v14.03-ELF/rl78-elf/rl78-elf/lib\libc.a(lib_a-impure.o)
                0x0000346a                _global_impure_ptr
 *(.rodata1)
 *(.eh_frame_hdr)
 *(.eh_frame)
 *(.gcc_except_table)
 *(.gcc_except_table.*)
 *fill*         0x0000346e        0x2 
 .gcc_except_table._ZN10__cxxabiv111__terminateEPFvvE
                0x00003470       0x18 C:/Renesas/e2studio/GNURL78v14.03-ELF/rl78-elf/rl78-elf/lib\libstdc++.a(eh_terminate.o)
 .gcc_except_table.__gxx_personality_sj0
                0x00003488       0x10 C:/Renesas/e2studio/GNURL78v14.03-ELF/rl78-elf/rl78-elf/lib\libstdc++.a(eh_personality.o)
 .gcc_except_table.__cxa_call_unexpected
                0x00003498       0x10 C:/Renesas/e2studio/GNURL78v14.03-ELF/rl78-elf/rl78-elf/lib\libstdc++.a(eh_personality.o)
                0x000034a8                PROVIDE (__preinit_array_start, .)
 *(.preinit_array)
                0x000034a8                PROVIDE (__preinit_array_end, .)
                0x000034a8                PROVIDE (__init_array_start, .)
 *(SORT(.init_array.*))
 *(.init_array)
                0x000034a8                PROVIDE (__init_array_end, .)
                0x000034a8                PROVIDE (__fini_array_start, .)
 *(.fini_array)
 *(SORT(.fini_array.*))
                0x000034a8                PROVIDE (__fini_array_end, .)
                0x000034a8        0x4 LONG 0x0
 *crtbegin*.o(.ctors)
 .ctors         0x000034ac        0x2 C:/Renesas/e2studio/GNURL78v14.03-ELF/rl78-elf/lib/gcc/rl78-elf/4.8-GNURL78_v14.03/crtbegin.o
 *(EXCLUDE_FILE(*crtend*.o) .ctors)
 .ctors         0x000034ae        0x2 ./gr_sketch.o
 .ctors         0x000034b0        0x2 ./gr_common/RLduino78/cores/HardwareSerial.o
 .ctors         0x000034b2        0x2 ./gr_common/RLduino78/cores/IPAddress.o
 .ctors         0x000034b4        0x2 ./gr_common/RLduino78/libraries/Ethernet/Dhcp.o
 .ctors         0x000034b6        0x2 ./gr_common/RLduino78/libraries/Ethernet/Dns.o
 .ctors         0x000034b8        0x2 ./gr_common/RLduino78/libraries/Ethernet/Ethernet.o
 .ctors         0x000034ba        0x2 ./gr_common/RLduino78/libraries/Ethernet/EthernetClient.o
 .ctors         0x000034bc        0x2 ./gr_common/RLduino78/libraries/Ethernet/EthernetServer.o
 .ctors         0x000034be        0x2 ./gr_common/RLduino78/libraries/Ethernet/EthernetUdp.o
 .ctors         0x000034c0        0x2 ./gr_common/RLduino78/libraries/Ethernet/Twitter.o
 .ctors         0x000034c2        0x2 ./gr_common/RLduino78/libraries/Firmata/Firmata.o
 .ctors         0x000034c4        0x2 ./gr_common/RLduino78/libraries/SD/SD.o
 .ctors         0x000034c6        0x2 ./gr_common/RLduino78/libraries/Wire/Wire.o
 *(SORT(.ctors.*))
 *(.ctors)
 .ctors         0x000034c8        0x2 C:/Renesas/e2studio/GNURL78v14.03-ELF/rl78-elf/lib/gcc/rl78-elf/4.8-GNURL78_v14.03/crtend.o
 *crtbegin*.o(.dtors)
 .dtors         0x000034ca        0x2 C:/Renesas/e2studio/GNURL78v14.03-ELF/rl78-elf/lib/gcc/rl78-elf/4.8-GNURL78_v14.03/crtbegin.o
 *(EXCLUDE_FILE(*crtend*.o) .dtors)
 *(SORT(.dtors.*))
 *(.dtors)
 .dtors         0x000034cc        0x2 C:/Renesas/e2studio/GNURL78v14.03-ELF/rl78-elf/lib/gcc/rl78-elf/4.8-GNURL78_v14.03/crtend.o
                0x000034cc                __DTOR_END__

.text           0x000034ce     0x999c
                0x000034ce                PROVIDE (_start, .)
 *(.text P .stub .text.* .gnu.linkonce.t.*)
 .text._ZN12Adafruit_GFX8drawLineEsssst
                0x000034ce      0x165 ./Adafruit_GFX.o
                0x000034ce                Adafruit_GFX::drawLine(short, short, short, short, unsigned short)
 .text._ZN12Adafruit_GFX8drawRectEsssst
                0x00003633       0xb3 ./Adafruit_GFX.o
                0x00003633                Adafruit_GFX::drawRect(short, short, short, short, unsigned short)
 .text._ZN12Adafruit_GFX13drawFastVLineEssst
                0x000036e6       0x49 ./Adafruit_GFX.o
                0x000036e6                Adafruit_GFX::drawFastVLine(short, short, short, unsigned short)
 .text._ZN12Adafruit_GFX13drawFastHLineEssst
                0x0000372f       0x49 ./Adafruit_GFX.o
                0x0000372f                Adafruit_GFX::drawFastHLine(short, short, short, unsigned short)
 .text._ZN12Adafruit_GFX8fillRectEsssst
                0x00003778       0x59 ./Adafruit_GFX.o
                0x00003778                Adafruit_GFX::fillRect(short, short, short, short, unsigned short)
 .text._ZN12Adafruit_GFX10fillScreenEt
                0x000037d1       0x32 ./Adafruit_GFX.o
                0x000037d1                Adafruit_GFX::fillScreen(unsigned short)
 .text._ZN12Adafruit_GFX13invertDisplayEh
                0x00003803        0x1 ./Adafruit_GFX.o
                0x00003803                Adafruit_GFX::invertDisplay(unsigned char)
 .text._ZN12Adafruit_GFXC2Ess
                0x00003804       0x55 ./Adafruit_GFX.o
                0x00003804                Adafruit_GFX::Adafruit_GFX(short, short)
                0x00003804                Adafruit_GFX::Adafruit_GFX(short, short)
 .text._ZN12Adafruit_GFX8drawCharEsshtth
                0x00003859      0x3f2 ./Adafruit_GFX.o
                0x00003859                Adafruit_GFX::drawChar(short, short, unsigned char, unsigned short, unsigned short, unsigned char)
 .text._ZN12Adafruit_GFX5writeEh
                0x00003c4b      0x205 ./Adafruit_GFX.o
                0x00003c4b                Adafruit_GFX::write(unsigned char)
 .text._ZNK12Adafruit_GFX11getRotationEv
                0x00003e50        0xb ./Adafruit_GFX.o
                0x00003e50                Adafruit_GFX::getRotation() const
 .text._ZN22Adafruit_BicolorMatrix9drawPixelEsst
                0x00003e5b      0x206 ./Adafruit_LEDBackpack.o
                0x00003e5b                Adafruit_BicolorMatrix::drawPixel(short, short, unsigned short)
 .text._ZN7TwoWire5writeEj
                0x00004061       0x25 ./Adafruit_LEDBackpack.o
                0x00004061                TwoWire::write(unsigned int)
 .text._ZN7TwoWire5writeEi
                0x00004086       0x25 ./Adafruit_LEDBackpack.o
                0x00004086                TwoWire::write(int)
 .text._ZN20Adafruit_LEDBackpack13setBrightnessEh
                0x000040ab       0x44 ./Adafruit_LEDBackpack.o
                0x000040ab                Adafruit_LEDBackpack::setBrightness(unsigned char)
 .text._ZN20Adafruit_LEDBackpack9blinkRateEh
                0x000040ef       0x59 ./Adafruit_LEDBackpack.o
                0x000040ef                Adafruit_LEDBackpack::blinkRate(unsigned char)
 .text._ZN20Adafruit_LEDBackpack5beginEh
                0x00004148       0x60 ./Adafruit_LEDBackpack.o
                0x00004148                Adafruit_LEDBackpack::begin(unsigned char)
 .text._ZN20Adafruit_LEDBackpack5clearEv
                0x000041a8       0x20 ./Adafruit_LEDBackpack.o
                0x000041a8                Adafruit_LEDBackpack::clear()
 .text._ZN22Adafruit_BicolorMatrixC2Ev
                0x000041c8       0x2b ./Adafruit_LEDBackpack.o
                0x000041c8                Adafruit_BicolorMatrix::Adafruit_BicolorMatrix()
                0x000041c8                Adafruit_BicolorMatrix::Adafruit_BicolorMatrix()
 .text._ZN20Adafruit_LEDBackpack12writeDisplayEv
                0x000041f3       0x83 ./Adafruit_LEDBackpack.o
                0x000041f3                Adafruit_LEDBackpack::writeDisplay()
 .text._Z7myCyclem
                0x00004276      0x2cf ./gr_sketch.o
                0x00004276                myCycle(unsigned long)
 .text.setup    0x00004545       0xb9 ./gr_sketch.o
                0x00004545                setup
 .text.startup._GLOBAL__sub_I_matrix
                0x000045fe        0xe ./gr_sketch.o
 .text.loop     0x0000460c      0x282 ./gr_sketch.o
                0x0000460c                loop
 .text._ZN14HardwareSerial9availableEv
                0x0000488e       0x25 ./gr_common/RLduino78/cores/HardwareSerial.o
                0x0000488e                HardwareSerial::available()
 .text._ZN14HardwareSerial4peekEv
                0x000048b3       0x3d ./gr_common/RLduino78/cores/HardwareSerial.o
                0x000048b3                HardwareSerial::peek()
 .text._ZN14HardwareSerial4readEv
                0x000048f0       0x53 ./gr_common/RLduino78/cores/HardwareSerial.o
                0x000048f0                HardwareSerial::read()
 .text._ZN14HardwareSerial5writeEh
                0x00004943      0x120 ./gr_common/RLduino78/cores/HardwareSerial.o
                0x00004943                HardwareSerial::write(unsigned char)
 .text._ZN14HardwareSerial5flushEv
                0x00004a63       0x94 ./gr_common/RLduino78/cores/HardwareSerial.o
                0x00004a63                HardwareSerial::flush()
 .text._Z10store_charhP11ring_buffer
                0x00004af7       0x3e ./gr_common/RLduino78/cores/HardwareSerial.o
                0x00004af7                store_char(unsigned char, ring_buffer*)
 .text.uart_rx_interrupt
                0x00004b35       0x13 ./gr_common/RLduino78/cores/HardwareSerial.o
                0x00004b35                uart_rx_interrupt
 .text.uart1_rx_interrupt
                0x00004b48       0x13 ./gr_common/RLduino78/cores/HardwareSerial.o
                0x00004b48                uart1_rx_interrupt
 .text.uart2_rx_interrupt
                0x00004b5b       0x13 ./gr_common/RLduino78/cores/HardwareSerial.o
                0x00004b5b                uart2_rx_interrupt
 .text.uart_tx_interrupt
                0x00004b6e       0x33 ./gr_common/RLduino78/cores/HardwareSerial.o
                0x00004b6e                uart_tx_interrupt
 .text.uart1_tx_interrupt
                0x00004ba1       0x33 ./gr_common/RLduino78/cores/HardwareSerial.o
                0x00004ba1                uart1_tx_interrupt
 .text.uart2_tx_interrupt
                0x00004bd4       0x33 ./gr_common/RLduino78/cores/HardwareSerial.o
                0x00004bd4                uart2_tx_interrupt
 .text.uart_error_interrupt
                0x00004c07        0xa ./gr_common/RLduino78/cores/HardwareSerial.o
                0x00004c07                uart_error_interrupt
 .text.uart1_error_interrupt
                0x00004c11        0xa ./gr_common/RLduino78/cores/HardwareSerial.o
                0x00004c11                uart1_error_interrupt
 .text.uart2_error_interrupt
                0x00004c1b        0xa ./gr_common/RLduino78/cores/HardwareSerial.o
                0x00004c1b                uart2_error_interrupt
 .text._ZN14HardwareSerial10uart_init1Ev
                0x00004c25      0x108 ./gr_common/RLduino78/cores/HardwareSerial.o
                0x00004c25                HardwareSerial::uart_init1()
 .text._ZN14HardwareSerial10uart_init2Ev
                0x00004d2d       0xf6 ./gr_common/RLduino78/cores/HardwareSerial.o
                0x00004d2d                HardwareSerial::uart_init2()
 .text._ZN14HardwareSerial5beginEm
                0x00004e23      0x1a3 ./gr_common/RLduino78/cores/HardwareSerial.o
                0x00004e23                HardwareSerial::begin(unsigned long)
 .text.startup._GLOBAL__sub_I_rx_buffer
                0x00004fc6       0x80 ./gr_common/RLduino78/cores/HardwareSerial.o
 .text._ZNK9IPAddress7printToER5Print
                0x00005046       0x7f ./gr_common/RLduino78/cores/IPAddress.o
                0x00005046                IPAddress::printTo(Print&) const
 .text._ZN9IPAddressC2Ev
                0x000050c5       0x26 ./gr_common/RLduino78/cores/IPAddress.o
                0x000050c5                IPAddress::IPAddress()
                0x000050c5                IPAddress::IPAddress()
 .text._ZN9IPAddressC2Ehhhh
                0x000050eb       0x25 ./gr_common/RLduino78/cores/IPAddress.o
                0x000050eb                IPAddress::IPAddress(unsigned char, unsigned char, unsigned char, unsigned char)
                0x000050eb                IPAddress::IPAddress(unsigned char, unsigned char, unsigned char, unsigned char)
 .text.startup._GLOBAL__sub_I__ZN9IPAddressC2Ev
                0x00005110       0x1a ./gr_common/RLduino78/cores/IPAddress.o
 .text._ZN5Print5writeEPKhj
                0x0000512a       0x5a ./gr_common/RLduino78/cores/Print.o
                0x0000512a                Print::write(unsigned char const*, unsigned int)
 .text._ZN5Print5writeEPKc
                0x00005184       0x49 ./gr_common/RLduino78/cores/Print.o
                0x00005184                Print::write(char const*)
 .text._ZN5Print5printEPKc
                0x000051cd       0x11 ./gr_common/RLduino78/cores/Print.o
                0x000051cd                Print::print(char const*)
 .text._ZN5Print5printEc
                0x000051de       0x25 ./gr_common/RLduino78/cores/Print.o
                0x000051de                Print::print(char)
 .text._ZN5Print7printlnEv
                0x00005203       0x35 ./gr_common/RLduino78/cores/Print.o
                0x00005203                Print::println()
 .text._ZN5Print7printlnEPKc
                0x00005238       0x31 ./gr_common/RLduino78/cores/Print.o
                0x00005238                Print::println(char const*)
 .text._ZN5Print11printNumberEmh
                0x00005269       0xc7 ./gr_common/RLduino78/cores/Print.o
                0x00005269                Print::printNumber(unsigned long, unsigned char)
 .text._ZN5Print5printEli
                0x00005330       0xd3 ./gr_common/RLduino78/cores/Print.o
                0x00005330                Print::print(long, int)
 .text._ZN5Print5printEii
                0x00005403       0x1f ./gr_common/RLduino78/cores/Print.o
                0x00005403                Print::print(int, int)
 .text._ZN5Print5printEmi
                0x00005422       0x5e ./gr_common/RLduino78/cores/Print.o
                0x00005422                Print::print(unsigned long, int)
 .text._ZN5Print5printEhi
                0x00005480       0x1e ./gr_common/RLduino78/cores/Print.o
                0x00005480                Print::print(unsigned char, int)
 .text._ZN5Print7printlnEhi
                0x0000549e       0x35 ./gr_common/RLduino78/cores/Print.o
                0x0000549e                Print::println(unsigned char, int)
 .text._ZL17_stopTimerChannelh
                0x000054d3      0x105 ./gr_common/RLduino78/cores/RLduino78_basic.o
 .text._ZL24enterPowerManagementModem
                0x000055d8       0xd7 ./gr_common/RLduino78/cores/RLduino78_basic.o
 .text._ZL9_stopTAU0v
                0x000056af       0x20 ./gr_common/RLduino78/cores/RLduino78_basic.o
 .text._Z20initArduinoFrameworkv
                0x000056cf        0x5 ./gr_common/RLduino78/cores/RLduino78_basic.o
                0x000056cf                initArduinoFramework()
 .text._Z26attachIntervalTimerHandlerPFvmE
                0x000056d4        0x6 ./gr_common/RLduino78/cores/RLduino78_basic.o
                0x000056d4                attachIntervalTimerHandler(void (*)(unsigned long))
 .text.millis   0x000056da       0x20 ./gr_common/RLduino78/cores/RLduino78_basic.o
                0x000056da                millis
 .text._Z17execCyclicHandlerv
                0x000056fa       0xb5 ./gr_common/RLduino78/cores/RLduino78_basic.o
                0x000056fa                execCyclicHandler()
 .text.micros   0x000057af      0x1fd ./gr_common/RLduino78/cores/RLduino78_basic.o
                0x000057af                micros
 .text.delay    0x000059ac       0x75 ./gr_common/RLduino78/cores/RLduino78_basic.o
                0x000059ac                delay
 .text.external_interrupt_0
                0x00005a21       0x13 ./gr_common/RLduino78/cores/RLduino78_basic.o
                0x00005a21                external_interrupt_0
 .text.external_interrupt_1
                0x00005a34       0x13 ./gr_common/RLduino78/cores/RLduino78_basic.o
                0x00005a34                external_interrupt_1
 .text.adc_interrupt
                0x00005a47        0x4 ./gr_common/RLduino78/cores/RLduino78_basic.o
                0x00005a47                adc_interrupt
 .text.tm05_interrupt
                0x00005a4b       0x26 ./gr_common/RLduino78/cores/RLduino78_basic.o
                0x00005a4b                tm05_interrupt
 .text.tm06_interrupt
                0x00005a71       0x98 ./gr_common/RLduino78/cores/RLduino78_basic.o
                0x00005a71                tm06_interrupt
 .text.pinMode  0x00005b09      0x26f ./gr_common/RLduino78/cores/RLduino78_basic.o
                0x00005b09                pinMode
 .text._Z6noToneh
                0x00005d78       0x2b ./gr_common/RLduino78/cores/RLduino78_basic.o
                0x00005d78                noTone(unsigned char)
 .text.digitalWrite
                0x00005da3       0x56 ./gr_common/RLduino78/cores/RLduino78_basic.o
                0x00005da3                digitalWrite
 .text.tone_interrupt
                0x00005df9       0x78 ./gr_common/RLduino78/cores/RLduino78_basic.o
                0x00005df9                tone_interrupt
 .text.digitalRead
                0x00005e71       0x1c ./gr_common/RLduino78/cores/RLduino78_basic.o
                0x00005e71                digitalRead
 .text.HardwareSetup
                0x00005e8d       0x1d ./gr_common/RLduino78/cores/RLduino78_main.o
                0x00005e8d                HardwareSetup
 .text.startup.main
                0x00005eaa       0x24 ./gr_common/RLduino78/cores/RLduino78_main.o
                0x00005eaa                main
 .text.abort    0x00005ece        0x4 ./gr_common/RLduino78/cores/RLduino78_main.o
                0x00005ece                exit
                0x00005ece                abort
 .text.rtc_interrupt
                0x00005ed2       0x4b ./gr_common/RLduino78/cores/RLduino78_RTC.o
                0x00005ed2                rtc_interrupt
 .text.startup._GLOBAL__sub_I__ZN9DhcpClass13beginWithDHCPEPhmm
                0x00005f1d       0x1a ./gr_common/RLduino78/libraries/Ethernet/Dhcp.o
 .text.startup._GLOBAL__sub_I__ZN9DNSClient5beginERK9IPAddress
                0x00005f37       0x1a ./gr_common/RLduino78/libraries/Ethernet/Dns.o
 .text.startup._GLOBAL__sub_I__ZN13EthernetClass6_stateE
                0x00005f51       0x23 ./gr_common/RLduino78/libraries/Ethernet/Ethernet.o
 .text.startup._GLOBAL__sub_I__ZN14EthernetClient8_srcportE
                0x00005f74       0x1a ./gr_common/RLduino78/libraries/Ethernet/EthernetClient.o
 .text.startup._GLOBAL__sub_I__ZN14EthernetServerC2Et
                0x00005f8e       0x1a ./gr_common/RLduino78/libraries/Ethernet/EthernetServer.o
 .text.startup._GLOBAL__sub_I__ZN11EthernetUDPC2Ev
                0x00005fa8       0x1a ./gr_common/RLduino78/libraries/Ethernet/EthernetUdp.o
 .text.startup._GLOBAL__sub_I__ZN7TwitterC2EPKc
                0x00005fc2       0x1a ./gr_common/RLduino78/libraries/Ethernet/Twitter.o
 .text._ZN12FirmataClass11systemResetEv
                0x00005fdc       0x4f ./gr_common/RLduino78/libraries/Firmata/Firmata.o
                0x00005fdc                FirmataClass::systemReset()
 .text.startup._GLOBAL__sub_I__ZN12FirmataClass23sendValueAsTwo7bitBytesEi
                0x0000602b       0x21 ./gr_common/RLduino78/libraries/Firmata/Firmata.o
 .text.startup._GLOBAL__sub_I__Z20getNextPathComponentPcPjS_
                0x0000604c       0x30 ./gr_common/RLduino78/libraries/SD/SD.o
 .text._ZL7spiSendh
                0x0000607c       0x18 ./gr_common/RLduino78/libraries/SD/utility/Sd2Card.o
 .text._ZL6spiRecv
                0x00006094       0x12 ./gr_common/RLduino78/libraries/SD/utility/Sd2Card.o
 .text._ZN7Sd2Card14chipSelectHighEv
                0x000060a6       0x16 ./gr_common/RLduino78/libraries/SD/utility/Sd2Card.o
                0x000060a6                Sd2Card::chipSelectHigh()
 .text._ZN7Sd2Card13chipSelectLowEv
                0x000060bc       0x16 ./gr_common/RLduino78/libraries/SD/utility/Sd2Card.o
                0x000060bc                Sd2Card::chipSelectLow()
 .text._ZN7Sd2Card7readEndEv
                0x000060d2       0x6f ./gr_common/RLduino78/libraries/SD/utility/Sd2Card.o
                0x000060d2                Sd2Card::readEnd()
 .text._ZN7Sd2Card11waitNotBusyEt
                0x00006141       0x3c ./gr_common/RLduino78/libraries/SD/utility/Sd2Card.o
                0x00006141                Sd2Card::waitNotBusy(unsigned short)
 .text._ZN7Sd2Card11cardCommandEhm
                0x0000617d       0xe5 ./gr_common/RLduino78/libraries/SD/utility/Sd2Card.o
                0x0000617d                Sd2Card::cardCommand(unsigned char, unsigned long)
 .text._ZN7Sd2Card14waitStartBlockEv
                0x00006262       0x6a ./gr_common/RLduino78/libraries/SD/utility/Sd2Card.o
                0x00006262                Sd2Card::waitStartBlock()
 .text._ZN7Sd2Card8readDataEmttPh
                0x000062cc      0x1aa ./gr_common/RLduino78/libraries/SD/utility/Sd2Card.o
                0x000062cc                Sd2Card::readData(unsigned long, unsigned short, unsigned short, unsigned char*)
 .text._ZN7Sd2Card9readBlockEmPh
                0x00006476       0x21 ./gr_common/RLduino78/libraries/SD/utility/Sd2Card.o
                0x00006476                Sd2Card::readBlock(unsigned long, unsigned char*)
 .text._ZN7Sd2Card9writeDataEhPKh
                0x00006497       0xb0 ./gr_common/RLduino78/libraries/SD/utility/Sd2Card.o
                0x00006497                Sd2Card::writeData(unsigned char, unsigned char const*)
 .text._ZN7Sd2Card10writeBlockEmPKh
                0x00006547       0xf3 ./gr_common/RLduino78/libraries/SD/utility/Sd2Card.o
                0x00006547                Sd2Card::writeBlock(unsigned long, unsigned char const*)
 .text._ZN6SdFile10addClusterEv
                0x0000663a       0x5e ./gr_common/RLduino78/libraries/SD/utility/SdFile.o
                0x0000663a                SdFile::addCluster()
 .text._ZN6SdFile13cacheDirEntryEh
                0x00006698       0x45 ./gr_common/RLduino78/libraries/SD/utility/SdFile.o
                0x00006698                SdFile::cacheDirEntry(unsigned char)
 .text._ZN6SdFile7seekSetEm
                0x000066dd      0x1be ./gr_common/RLduino78/libraries/SD/utility/SdFile.o
                0x000066dd                SdFile::seekSet(unsigned long)
 .text._ZN6SdFile4syncEv
                0x0000689b       0xc4 ./gr_common/RLduino78/libraries/SD/utility/SdFile.o
                0x0000689b                SdFile::sync()
 .text._ZN6SdFile5writeEPKvt
                0x0000695f      0x411 ./gr_common/RLduino78/libraries/SD/utility/SdFile.o
                0x0000695f                SdFile::write(void const*, unsigned short)
 .text._ZN6SdFile5writeEh
                0x00006d70       0x1a ./gr_common/RLduino78/libraries/SD/utility/SdFile.o
                0x00006d70                SdFile::write(unsigned char)
 .text._ZN8SdVolume10cacheFlushEv
                0x00006d8a       0x81 ./gr_common/RLduino78/libraries/SD/utility/SdVolume.o
                0x00006d8a                SdVolume::cacheFlush()
 .text._ZN8SdVolume13cacheRawBlockEmh
                0x00006e0b       0x72 ./gr_common/RLduino78/libraries/SD/utility/SdVolume.o
                0x00006e0b                SdVolume::cacheRawBlock(unsigned long, unsigned char)
 .text._ZNK8SdVolume6fatGetEmPm
                0x00006e7d      0x165 ./gr_common/RLduino78/libraries/SD/utility/SdVolume.o
                0x00006e7d                SdVolume::fatGet(unsigned long, unsigned long*) const
 .text._ZN8SdVolume6fatPutEmm
                0x00006fe2      0x169 ./gr_common/RLduino78/libraries/SD/utility/SdVolume.o
                0x00006fe2                SdVolume::fatPut(unsigned long, unsigned long)
 .text._ZN8SdVolume15allocContiguousEmPm
                0x0000714b      0x28f ./gr_common/RLduino78/libraries/SD/utility/SdVolume.o
                0x0000714b                SdVolume::allocContiguous(unsigned long, unsigned long*)
 .text._ZL17handle_interrupts18timer16_Sequence_t.constprop.0
                0x000073da      0x197 ./gr_common/RLduino78/libraries/Servo/Servo.o
 .text.servo_interrupt
                0x00007571        0x5 ./gr_common/RLduino78/libraries/Servo/Servo.o
                0x00007571                servo_interrupt
 .text._ZN7TwoWire9availableEv
                0x00007576       0x17 ./gr_common/RLduino78/libraries/Wire/Wire.o
                0x00007576                TwoWire::available()
 .text._ZN7TwoWire4readEv
                0x0000758d       0x2a ./gr_common/RLduino78/libraries/Wire/Wire.o
                0x0000758d                TwoWire::read()
 .text._ZN7TwoWire4peekEv
                0x000075b7       0x26 ./gr_common/RLduino78/libraries/Wire/Wire.o
                0x000075b7                TwoWire::peek()
 .text._ZN7TwoWire5flushEv
                0x000075dd        0x1 ./gr_common/RLduino78/libraries/Wire/Wire.o
                0x000075dd                TwoWire::flush()
 .text._ZN7TwoWire5writeEPKhj
                0x000075de       0x6d ./gr_common/RLduino78/libraries/Wire/Wire.o
                0x000075de                TwoWire::write(unsigned char const*, unsigned int)
 .text._ZN7TwoWire5writeEh
                0x0000764b       0x5e ./gr_common/RLduino78/libraries/Wire/Wire.o
                0x0000764b                TwoWire::write(unsigned char)
 .text._ZN7TwoWireC2Ev
                0x000076a9       0x1d ./gr_common/RLduino78/libraries/Wire/Wire.o
                0x000076a9                TwoWire::TwoWire()
                0x000076a9                TwoWire::TwoWire()
 .text._ZN7TwoWire5beginEv
                0x000076c6       0x11 ./gr_common/RLduino78/libraries/Wire/Wire.o
                0x000076c6                TwoWire::begin()
 .text._ZN7TwoWire17beginTransmissionEh
                0x000076d7        0xf ./gr_common/RLduino78/libraries/Wire/Wire.o
                0x000076d7                TwoWire::beginTransmission(unsigned char)
 .text._ZN7TwoWire15endTransmissionEh
                0x000076e6       0x28 ./gr_common/RLduino78/libraries/Wire/Wire.o
                0x000076e6                TwoWire::endTransmission(unsigned char)
 .text._ZN7TwoWire15endTransmissionEv
                0x0000770e       0x10 ./gr_common/RLduino78/libraries/Wire/Wire.o
                0x0000770e                TwoWire::endTransmission()
 .text.startup._GLOBAL__sub_I__ZN7TwoWire8rxBufferE
                0x0000771e        0xe ./gr_common/RLduino78/libraries/Wire/Wire.o
 .text._ZN9__gnu_cxx27__verbose_terminate_handlerEv
                0x0000772c        0x1 ./gr_common/RLduino78/portable/e2studio/RL78/exception_handler.o
                0x0000772c                __gnu_cxx::__verbose_terminate_handler()
 .text.init_system_clock
                0x0000772d       0x57 ./gr_common/RLduino78/cores/RLduino78_timer.o
                0x0000772d                init_system_clock
 .text.init_interval_timer
                0x00007784      0x158 ./gr_common/RLduino78/cores/RLduino78_timer.o
                0x00007784                init_interval_timer
 .text.interval_timer
                0x000078dc       0x9f ./gr_common/RLduino78/cores/RLduino78_timer.o
                0x000078dc                interval_timer
 .text.twi_transmit
                0x0000797b       0x52 ./gr_common/RLduino78/libraries/Wire/utility/twi.o
                0x0000797b                twi_transmit
 .text.twi_stop
                0x000079cd       0x25 ./gr_common/RLduino78/libraries/Wire/utility/twi.o
                0x000079cd                twi_stop
 .text.twi_releaseBus
                0x000079f2       0x12 ./gr_common/RLduino78/libraries/Wire/utility/twi.o
                0x000079f2                twi_releaseBus
 .text.iica0_interrupt
                0x00007a04      0x2b2 ./gr_common/RLduino78/libraries/Wire/utility/twi.o
                0x00007a04                iica0_interrupt
 .text.I2C_Start
                0x00007cb6       0x64 ./gr_common/RLduino78/libraries/Wire/utility/twi.o
                0x00007cb6                I2C_Start
 .text.twi_init
                0x00007d1a       0x2a ./gr_common/RLduino78/libraries/Wire/utility/twi.o
                0x00007d1a                twi_init
 .text.twi_writeTo
                0x00007d44      0x112 ./gr_common/RLduino78/libraries/Wire/utility/twi.o
                0x00007d44                twi_writeTo
 .text.INT_WDTI
                0x00007e56        0xc ./gr_common/RLduino78/portable/e2studio/RL78/interrupt_handlers.o
                0x00007e56                INT_WDTI
 .text.INT_LVI  0x00007e62        0xc ./gr_common/RLduino78/portable/e2studio/RL78/interrupt_handlers.o
                0x00007e62                INT_LVI
 .text.INT_P0   0x00007e6e        0xc ./gr_common/RLduino78/portable/e2studio/RL78/interrupt_handlers.o
                0x00007e6e                INT_P0
 .text.INT_P1   0x00007e7a        0xc ./gr_common/RLduino78/portable/e2studio/RL78/interrupt_handlers.o
                0x00007e7a                INT_P1
 .text.INT_P2   0x00007e86        0xc ./gr_common/RLduino78/portable/e2studio/RL78/interrupt_handlers.o
                0x00007e86                INT_P2
 .text.INT_P3   0x00007e92       0x26 ./gr_common/RLduino78/portable/e2studio/RL78/interrupt_handlers.o
                0x00007e92                INT_P3
 .text.INT_P4   0x00007eb8        0xc ./gr_common/RLduino78/portable/e2studio/RL78/interrupt_handlers.o
                0x00007eb8                INT_P4
 .text.INT_P5   0x00007ec4       0x26 ./gr_common/RLduino78/portable/e2studio/RL78/interrupt_handlers.o
                0x00007ec4                INT_P5
 .text.INT_ST2  0x00007eea       0x26 ./gr_common/RLduino78/portable/e2studio/RL78/interrupt_handlers.o
                0x00007eea                INT_ST2
 .text.INT_SR2  0x00007f10       0x26 ./gr_common/RLduino78/portable/e2studio/RL78/interrupt_handlers.o
                0x00007f10                INT_SR2
 .text.INT_SRE2
                0x00007f36       0x26 ./gr_common/RLduino78/portable/e2studio/RL78/interrupt_handlers.o
                0x00007f36                INT_SRE2
 .text.INT_DMA0
                0x00007f5c        0xc ./gr_common/RLduino78/portable/e2studio/RL78/interrupt_handlers.o
                0x00007f5c                INT_DMA0
 .text.INT_DMA1
                0x00007f68        0xc ./gr_common/RLduino78/portable/e2studio/RL78/interrupt_handlers.o
                0x00007f68                INT_DMA1
 .text.INT_ST0  0x00007f74       0x26 ./gr_common/RLduino78/portable/e2studio/RL78/interrupt_handlers.o
                0x00007f74                INT_ST0
 .text.INT_SR0  0x00007f9a       0x26 ./gr_common/RLduino78/portable/e2studio/RL78/interrupt_handlers.o
                0x00007f9a                INT_SR0
 .text.INT_TM01H
                0x00007fc0       0x26 ./gr_common/RLduino78/portable/e2studio/RL78/interrupt_handlers.o
                0x00007fc0                INT_TM01H
 .text.INT_ST1  0x00007fe6       0x26 ./gr_common/RLduino78/portable/e2studio/RL78/interrupt_handlers.o
                0x00007fe6                INT_ST1
 .text.INT_SR1  0x0000800c       0x26 ./gr_common/RLduino78/portable/e2studio/RL78/interrupt_handlers.o
                0x0000800c                INT_SR1
 .text.INT_TM03H
                0x00008032       0x26 ./gr_common/RLduino78/portable/e2studio/RL78/interrupt_handlers.o
                0x00008032                INT_TM03H
 .text.INT_IICA0
                0x00008058       0x26 ./gr_common/RLduino78/portable/e2studio/RL78/interrupt_handlers.o
                0x00008058                INT_IICA0
 .text.INT_TM00
                0x0000807e        0xc ./gr_common/RLduino78/portable/e2studio/RL78/interrupt_handlers.o
                0x0000807e                INT_TM00
 .text.INT_TM01
                0x0000808a       0x3c ./gr_common/RLduino78/portable/e2studio/RL78/interrupt_handlers.o
                0x0000808a                INT_TM01
 .text.INT_TM02
                0x000080c6        0xc ./gr_common/RLduino78/portable/e2studio/RL78/interrupt_handlers.o
                0x000080c6                INT_TM02
 .text.INT_TM03
                0x000080d2        0xc ./gr_common/RLduino78/portable/e2studio/RL78/interrupt_handlers.o
                0x000080d2                INT_TM03
 .text.INT_AD   0x000080de       0x26 ./gr_common/RLduino78/portable/e2studio/RL78/interrupt_handlers.o
                0x000080de                INT_AD
 .text.INT_RTC  0x00008104       0x26 ./gr_common/RLduino78/portable/e2studio/RL78/interrupt_handlers.o
                0x00008104                INT_RTC
 .text.INT_IT   0x0000812a       0x26 ./gr_common/RLduino78/portable/e2studio/RL78/interrupt_handlers.o
                0x0000812a                INT_IT
 .text.INT_KR   0x00008150        0xc ./gr_common/RLduino78/portable/e2studio/RL78/interrupt_handlers.o
                0x00008150                INT_KR
 .text.INT_TM04
                0x0000815c       0x26 ./gr_common/RLduino78/portable/e2studio/RL78/interrupt_handlers.o
                0x0000815c                INT_TM04
 .text.INT_TM05
                0x00008182       0x26 ./gr_common/RLduino78/portable/e2studio/RL78/interrupt_handlers.o
                0x00008182                INT_TM05
 .text.INT_TM06
                0x000081a8       0x26 ./gr_common/RLduino78/portable/e2studio/RL78/interrupt_handlers.o
                0x000081a8                INT_TM06
 .text.INT_TM07
                0x000081ce        0xc ./gr_common/RLduino78/portable/e2studio/RL78/interrupt_handlers.o
                0x000081ce                INT_TM07
 .text.INT_P6   0x000081da        0xc ./gr_common/RLduino78/portable/e2studio/RL78/interrupt_handlers.o
                0x000081da                INT_P6
 .text.INT_P7   0x000081e6        0xc ./gr_common/RLduino78/portable/e2studio/RL78/interrupt_handlers.o
                0x000081e6                INT_P7
 .text.INT_P8   0x000081f2        0xc ./gr_common/RLduino78/portable/e2studio/RL78/interrupt_handlers.o
                0x000081f2                INT_P8
 .text.INT_P9   0x000081fe        0xc ./gr_common/RLduino78/portable/e2studio/RL78/interrupt_handlers.o
                0x000081fe                INT_P9
 .text.INT_P10  0x0000820a        0xc ./gr_common/RLduino78/portable/e2studio/RL78/interrupt_handlers.o
                0x0000820a                INT_P10
 .text.INT_P11  0x00008216        0xc ./gr_common/RLduino78/portable/e2studio/RL78/interrupt_handlers.o
                0x00008216                INT_P11
 .text.INT_MD   0x00008222        0xc ./gr_common/RLduino78/portable/e2studio/RL78/interrupt_handlers.o
                0x00008222                INT_MD
 .text.INT_FL   0x0000822e        0xc ./gr_common/RLduino78/portable/e2studio/RL78/interrupt_handlers.o
                0x0000822e                INT_FL
 .text.INT_BRK_I
                0x0000823a        0xc ./gr_common/RLduino78/portable/e2studio/RL78/interrupt_handlers.o
                0x0000823a                INT_BRK_I
 .text          0x00008246       0xa0 ./gr_common/RLduino78/portable/e2studio/RL78/reset_program.o
                0x00008246                PowerON_Reset
                0x000082a8                rl78_run_preinit_array
                0x000082b3                rl78_run_init_array
                0x000082be                rl78_run_fini_array
 .text          0x000082e6       0xfc C:/Renesas/e2studio/GNURL78v14.03-ELF/rl78-elf/lib/gcc/rl78-elf/4.8-GNURL78_v14.03/crtbegin.o
 .text          0x000083e2       0x36 C:/Renesas/e2studio/GNURL78v14.03-ELF/rl78-elf/lib/gcc/rl78-elf/4.8-GNURL78_v14.03/crtend.o
 .text._ZN10__cxxabiv120__si_class_type_infoD2Ev
                0x00008418       0x18 C:/Renesas/e2studio/GNURL78v14.03-ELF/rl78-elf/rl78-elf/lib\libstdc++.a(si_class_type_info.o)
                0x00008418                __cxxabiv1::__si_class_type_info::~__si_class_type_info()
                0x00008418                __cxxabiv1::__si_class_type_info::~__si_class_type_info()
 .text._ZN10__cxxabiv120__si_class_type_infoD0Ev
                0x00008430       0x2a C:/Renesas/e2studio/GNURL78v14.03-ELF/rl78-elf/rl78-elf/lib\libstdc++.a(si_class_type_info.o)
                0x00008430                __cxxabiv1::__si_class_type_info::~__si_class_type_info()
 .text._ZNK10__cxxabiv120__si_class_type_info12__do_dyncastEiNS_17__class_type_info10__sub_kindEPKS1_PKvS4_S6_RNS1_16__dyncast_resultE
                0x0000845a      0x14f C:/Renesas/e2studio/GNURL78v14.03-ELF/rl78-elf/rl78-elf/lib\libstdc++.a(si_class_type_info.o)
                0x0000845a                __cxxabiv1::__si_class_type_info::__do_dyncast(int, __cxxabiv1::__class_type_info::__sub_kind, __cxxabiv1::__class_type_info const*, void const*, __cxxabiv1::__class_type_info const*, void const*, __cxxabiv1::__class_type_info::__dyncast_result&) const
 .text._ZNK10__cxxabiv120__si_class_type_info20__do_find_public_srcEiPKvPKNS_17__class_type_infoES2_
                0x000085a9       0x95 C:/Renesas/e2studio/GNURL78v14.03-ELF/rl78-elf/rl78-elf/lib\libstdc++.a(si_class_type_info.o)
                0x000085a9                __cxxabiv1::__si_class_type_info::__do_find_public_src(int, void const*, __cxxabiv1::__class_type_info const*, void const*) const
 .text._ZNK10__cxxabiv120__si_class_type_info11__do_upcastEPKNS_17__class_type_infoEPKvRNS1_15__upcast_resultE
                0x0000863e       0x5c C:/Renesas/e2studio/GNURL78v14.03-ELF/rl78-elf/rl78-elf/lib\libstdc++.a(si_class_type_info.o)
                0x0000863e                __cxxabiv1::__si_class_type_info::__do_upcast(__cxxabiv1::__class_type_info const*, void const*, __cxxabiv1::__class_type_info::__upcast_result&) const
 .text._ZL23__gxx_exception_cleanup19_Unwind_Reason_CodeP17_Unwind_Exception
                0x0000869a       0x68 C:/Renesas/e2studio/GNURL78v14.03-ELF/rl78-elf/rl78-elf/lib\libstdc++.a(eh_throw.o)
 .text.__cxa_throw
                0x00008702       0xcd C:/Renesas/e2studio/GNURL78v14.03-ELF/rl78-elf/rl78-elf/lib\libstdc++.a(eh_throw.o)
                0x00008702                __cxa_throw
 .text.__cxa_rethrow
                0x000087cf      0x29b C:/Renesas/e2studio/GNURL78v14.03-ELF/rl78-elf/rl78-elf/lib\libstdc++.a(eh_throw.o)
                0x000087cf                __cxa_rethrow
 .text._ZNK10__cxxabiv117__class_type_info11__do_upcastEPKS0_PPv
                0x00008a6a       0x6f C:/Renesas/e2studio/GNURL78v14.03-ELF/rl78-elf/rl78-elf/lib\libstdc++.a(class_type_info.o)
                0x00008a6a                __cxxabiv1::__class_type_info::__do_upcast(__cxxabiv1::__class_type_info const*, void**) const
 .text._ZNK10__cxxabiv117__class_type_info20__do_find_public_srcEiPKvPKS0_S2_
                0x00008ad9       0x16 C:/Renesas/e2studio/GNURL78v14.03-ELF/rl78-elf/rl78-elf/lib\libstdc++.a(class_type_info.o)
                0x00008ad9                __cxxabiv1::__class_type_info::__do_find_public_src(int, void const*, __cxxabiv1::__class_type_info const*, void const*) const
 .text._ZN10__cxxabiv117__class_type_infoD2Ev
                0x00008aef       0x18 C:/Renesas/e2studio/GNURL78v14.03-ELF/rl78-elf/rl78-elf/lib\libstdc++.a(class_type_info.o)
                0x00008aef                __cxxabiv1::__class_type_info::~__class_type_info()
                0x00008aef                __cxxabiv1::__class_type_info::~__class_type_info()
 .text._ZN10__cxxabiv117__class_type_infoD0Ev
                0x00008b07       0x2a C:/Renesas/e2studio/GNURL78v14.03-ELF/rl78-elf/rl78-elf/lib\libstdc++.a(class_type_info.o)
                0x00008b07                __cxxabiv1::__class_type_info::~__class_type_info()
 .text._ZNK10__cxxabiv117__class_type_info11__do_upcastEPKS0_PKvRNS0_15__upcast_resultE
                0x00008b31       0x6b C:/Renesas/e2studio/GNURL78v14.03-ELF/rl78-elf/rl78-elf/lib\libstdc++.a(class_type_info.o)
                0x00008b31                __cxxabiv1::__class_type_info::__do_upcast(__cxxabiv1::__class_type_info const*, void const*, __cxxabiv1::__class_type_info::__upcast_result&) const
 .text._ZNK10__cxxabiv117__class_type_info10__do_catchEPKSt9type_infoPPvj
                0x00008b9c       0x89 C:/Renesas/e2studio/GNURL78v14.03-ELF/rl78-elf/rl78-elf/lib\libstdc++.a(class_type_info.o)
                0x00008b9c                __cxxabiv1::__class_type_info::__do_catch(std::type_info const*, void**, unsigned int) const
 .text._ZNK10__cxxabiv117__class_type_info12__do_dyncastEiNS0_10__sub_kindEPKS0_PKvS3_S5_RNS0_16__dyncast_resultE
                0x00008c25       0xc1 C:/Renesas/e2studio/GNURL78v14.03-ELF/rl78-elf/rl78-elf/lib\libstdc++.a(class_type_info.o)
                0x00008c25                __cxxabiv1::__class_type_info::__do_dyncast(int, __cxxabiv1::__class_type_info::__sub_kind, __cxxabiv1::__class_type_info const*, void const*, __cxxabiv1::__class_type_info const*, void const*, __cxxabiv1::__class_type_info::__dyncast_result&) const
 .text.__cxa_begin_catch
                0x00008ce6      0x2e2 C:/Renesas/e2studio/GNURL78v14.03-ELF/rl78-elf/rl78-elf/lib\libstdc++.a(eh_catch.o)
                0x00008ce6                __cxa_begin_catch
 .text.__cxa_end_catch
                0x00008fc8      0x2eb C:/Renesas/e2studio/GNURL78v14.03-ELF/rl78-elf/rl78-elf/lib\libstdc++.a(eh_catch.o)
                0x00008fc8                __cxa_end_catch
 .text._ZdlPv   0x000092b3       0x16 C:/Renesas/e2studio/GNURL78v14.03-ELF/rl78-elf/rl78-elf/lib\libstdc++.a(del_op.o)
                0x000092b3                operator delete(void*)
 .text._ZN10__cxxabiv111__terminateEPFvvE
                0x000092c9       0x99 C:/Renesas/e2studio/GNURL78v14.03-ELF/rl78-elf/rl78-elf/lib\libstdc++.a(eh_terminate.o)
                0x000092c9                __cxxabiv1::__terminate(void (*)())
 .text._ZSt9terminatev
                0x00009362        0xb C:/Renesas/e2studio/GNURL78v14.03-ELF/rl78-elf/rl78-elf/lib\libstdc++.a(eh_terminate.o)
                0x00009362                std::terminate()
 .text._ZN10__cxxabiv112__unexpectedEPFvvE
                0x0000936d        0x9 C:/Renesas/e2studio/GNURL78v14.03-ELF/rl78-elf/rl78-elf/lib\libstdc++.a(eh_terminate.o)
                0x0000936d                __cxxabiv1::__unexpected(void (*)())
 .text._ZSt10unexpectedv
                0x00009376        0xb C:/Renesas/e2studio/GNURL78v14.03-ELF/rl78-elf/rl78-elf/lib\libstdc++.a(eh_terminate.o)
                0x00009376                std::unexpected()
 .text._ZL12read_sleb128PKhPl
                0x00009381      0x114 C:/Renesas/e2studio/GNURL78v14.03-ELF/rl78-elf/rl78-elf/lib\libstdc++.a(eh_personality.o)
 .text._ZL16get_adjusted_ptrPKSt9type_infoS1_PPv
                0x00009495       0x71 C:/Renesas/e2studio/GNURL78v14.03-ELF/rl78-elf/rl78-elf/lib\libstdc++.a(eh_personality.o)
 .text._ZL28read_encoded_value_with_basehjPKhPj
                0x00009506      0x2ec C:/Renesas/e2studio/GNURL78v14.03-ELF/rl78-elf/rl78-elf/lib\libstdc++.a(eh_personality.o)
 .text._ZL15get_ttype_entryP16lsda_header_infom
                0x000097f2       0xcb C:/Renesas/e2studio/GNURL78v14.03-ELF/rl78-elf/rl78-elf/lib\libstdc++.a(eh_personality.o)
 .text._ZL20check_exception_specP16lsda_header_infoPKSt9type_infoPvl
                0x000098bd      0x10a C:/Renesas/e2studio/GNURL78v14.03-ELF/rl78-elf/rl78-elf/lib\libstdc++.a(eh_personality.o)
 .text._ZL21base_of_encoded_valuehP15_Unwind_Context
                0x000099c7       0x7c C:/Renesas/e2studio/GNURL78v14.03-ELF/rl78-elf/rl78-elf/lib\libstdc++.a(eh_personality.o)
 .text._ZL17parse_lsda_headerP15_Unwind_ContextPKhP16lsda_header_info
                0x00009a43      0x250 C:/Renesas/e2studio/GNURL78v14.03-ELF/rl78-elf/rl78-elf/lib\libstdc++.a(eh_personality.o)
 .text.__gxx_personality_sj0
                0x00009c93      0x956 C:/Renesas/e2studio/GNURL78v14.03-ELF/rl78-elf/rl78-elf/lib\libstdc++.a(eh_personality.o)
                0x00009c93                __gxx_personality_sj0
 .text.__cxa_call_unexpected
                0x0000a5e9      0x1b3 C:/Renesas/e2studio/GNURL78v14.03-ELF/rl78-elf/rl78-elf/lib\libstdc++.a(eh_personality.o)
                0x0000a5e9                __cxa_call_unexpected
 .text.__cxa_allocate_exception
                0x0000a79c       0xb9 C:/Renesas/e2studio/GNURL78v14.03-ELF/rl78-elf/rl78-elf/lib\libstdc++.a(eh_alloc.o)
                0x0000a79c                __cxa_allocate_exception
 .text.__cxa_free_exception
                0x0000a855       0x59 C:/Renesas/e2studio/GNURL78v14.03-ELF/rl78-elf/rl78-elf/lib\libstdc++.a(eh_alloc.o)
                0x0000a855                __cxa_free_exception
 .text._ZNSt9exceptionD2Ev
                0x0000a8ae        0xa C:/Renesas/e2studio/GNURL78v14.03-ELF/rl78-elf/rl78-elf/lib\libstdc++.a(eh_exception.o)
                0x0000a8ae                std::exception::~exception()
                0x0000a8ae                std::exception::~exception()
 .text._ZNSt13bad_exceptionD2Ev
                0x0000a8b8        0xa C:/Renesas/e2studio/GNURL78v14.03-ELF/rl78-elf/rl78-elf/lib\libstdc++.a(eh_exception.o)
                0x0000a8b8                std::bad_exception::~bad_exception()
                0x0000a8b8                std::bad_exception::~bad_exception()
 .text._ZNKSt9exception4whatEv
                0x0000a8c2        0x5 C:/Renesas/e2studio/GNURL78v14.03-ELF/rl78-elf/rl78-elf/lib\libstdc++.a(eh_exception.o)
                0x0000a8c2                std::exception::what() const
 .text._ZNKSt13bad_exception4whatEv
                0x0000a8c7        0x5 C:/Renesas/e2studio/GNURL78v14.03-ELF/rl78-elf/rl78-elf/lib\libstdc++.a(eh_exception.o)
                0x0000a8c7                std::bad_exception::what() const
 .text._ZNSt9exceptionD0Ev
                0x0000a8cc       0x18 C:/Renesas/e2studio/GNURL78v14.03-ELF/rl78-elf/rl78-elf/lib\libstdc++.a(eh_exception.o)
                0x0000a8cc                std::exception::~exception()
 .text._ZNSt13bad_exceptionD0Ev
                0x0000a8e4       0x18 C:/Renesas/e2studio/GNURL78v14.03-ELF/rl78-elf/rl78-elf/lib\libstdc++.a(eh_exception.o)
                0x0000a8e4                std::bad_exception::~bad_exception()
 .text.__cxa_call_terminate
                0x0000a8fc      0x25e C:/Renesas/e2studio/GNURL78v14.03-ELF/rl78-elf/rl78-elf/lib\libstdc++.a(eh_call.o)
                0x0000a8fc                __cxa_call_terminate
 .text._ZNSt9type_infoD2Ev
                0x0000ab5a        0xa C:/Renesas/e2studio/GNURL78v14.03-ELF/rl78-elf/rl78-elf/lib\libstdc++.a(tinfo.o)
                0x0000ab5a                std::type_info::~type_info()
                0x0000ab5a                std::type_info::~type_info()
 .text._ZNKSt9type_info14__is_pointer_pEv
                0x0000ab64        0x3 C:/Renesas/e2studio/GNURL78v14.03-ELF/rl78-elf/rl78-elf/lib\libstdc++.a(tinfo.o)
                0x0000ab64                std::type_info::__is_pointer_p() const
 .text._ZNKSt9type_info15__is_function_pEv
                0x0000ab67        0x3 C:/Renesas/e2studio/GNURL78v14.03-ELF/rl78-elf/rl78-elf/lib\libstdc++.a(tinfo.o)
                0x0000ab67                std::type_info::__is_function_p() const
 .text._ZNKSt9type_info11__do_upcastEPKN10__cxxabiv117__class_type_infoEPPv
                0x0000ab6a        0x3 C:/Renesas/e2studio/GNURL78v14.03-ELF/rl78-elf/rl78-elf/lib\libstdc++.a(tinfo.o)
                0x0000ab6a                std::type_info::__do_upcast(__cxxabiv1::__class_type_info const*, void**) const
 .text._ZNSt9type_infoD0Ev
                0x0000ab6d       0x18 C:/Renesas/e2studio/GNURL78v14.03-ELF/rl78-elf/rl78-elf/lib\libstdc++.a(tinfo.o)
                0x0000ab6d                std::type_info::~type_info()
 .text._ZNKSt9type_info10__do_catchEPKS_PPvj
                0x0000ab85       0x45 C:/Renesas/e2studio/GNURL78v14.03-ELF/rl78-elf/rl78-elf/lib\libstdc++.a(tinfo.o)
                0x0000ab85                std::type_info::__do_catch(std::type_info const*, void**, unsigned int) const
 .text._ZN10__cxxabiv121__vmi_class_type_infoD2Ev
                0x0000abca       0x18 C:/Renesas/e2studio/GNURL78v14.03-ELF/rl78-elf/rl78-elf/lib\libstdc++.a(vmi_class_type_info.o)
                0x0000abca                __cxxabiv1::__vmi_class_type_info::~__vmi_class_type_info()
                0x0000abca                __cxxabiv1::__vmi_class_type_info::~__vmi_class_type_info()
 .text._ZN10__cxxabiv121__vmi_class_type_infoD0Ev
                0x0000abe2       0x2a C:/Renesas/e2studio/GNURL78v14.03-ELF/rl78-elf/rl78-elf/lib\libstdc++.a(vmi_class_type_info.o)
                0x0000abe2                __cxxabiv1::__vmi_class_type_info::~__vmi_class_type_info()
 .text._ZNK10__cxxabiv121__vmi_class_type_info20__do_find_public_srcEiPKvPKNS_17__class_type_infoES2_
                0x0000ac0c      0x18a C:/Renesas/e2studio/GNURL78v14.03-ELF/rl78-elf/rl78-elf/lib\libstdc++.a(vmi_class_type_info.o)
                0x0000ac0c                __cxxabiv1::__vmi_class_type_info::__do_find_public_src(int, void const*, __cxxabiv1::__class_type_info const*, void const*) const
 .text._ZNK10__cxxabiv121__vmi_class_type_info12__do_dyncastEiNS_17__class_type_info10__sub_kindEPKS1_PKvS4_S6_RNS1_16__dyncast_resultE
                0x0000ad96      0x70e C:/Renesas/e2studio/GNURL78v14.03-ELF/rl78-elf/rl78-elf/lib\libstdc++.a(vmi_class_type_info.o)
                0x0000ad96                __cxxabiv1::__vmi_class_type_info::__do_dyncast(int, __cxxabiv1::__class_type_info::__sub_kind, __cxxabiv1::__class_type_info const*, void const*, __cxxabiv1::__class_type_info const*, void const*, __cxxabiv1::__class_type_info::__dyncast_result&) const
 .text._ZNK10__cxxabiv121__vmi_class_type_info11__do_upcastEPKNS_17__class_type_infoEPKvRNS1_15__upcast_resultE
                0x0000b4a4      0x348 C:/Renesas/e2studio/GNURL78v14.03-ELF/rl78-elf/rl78-elf/lib\libstdc++.a(vmi_class_type_info.o)
                0x0000b4a4                __cxxabiv1::__vmi_class_type_info::__do_upcast(__cxxabiv1::__class_type_info const*, void const*, __cxxabiv1::__class_type_info::__upcast_result&) const
 .text.__cxa_pure_virtual
                0x0000b7ec       0x19 C:/Renesas/e2studio/GNURL78v14.03-ELF/rl78-elf/rl78-elf/lib\libstdc++.a(pure.o)
                0x0000b7ec                __cxa_pure_virtual
 .text.__cxa_get_globals_fast
                0x0000b805        0x5 C:/Renesas/e2studio/GNURL78v14.03-ELF/rl78-elf/rl78-elf/lib\libstdc++.a(eh_globals.o)
                0x0000b805                __cxa_get_globals_fast
 .text.__cxa_get_globals
                0x0000b80a        0x5 C:/Renesas/e2studio/GNURL78v14.03-ELF/rl78-elf/rl78-elf/lib\libstdc++.a(eh_globals.o)
                0x0000b80a                __cxa_get_globals
 .text          0x0000b80f        0xb C:/Renesas/e2studio/GNURL78v14.03-ELF/rl78-elf/rl78-elf/lib\libnosys.a(write.o)
                0x0000b80f                write
 .text          0x0000b81a       0x24 C:/Renesas/e2studio/GNURL78v14.03-ELF/rl78-elf/rl78-elf/lib\libc.a(lib_a-malloc.o)
                0x0000b81a                malloc
                0x0000b82c                free
 .text          0x0000b83e      0xa35 C:/Renesas/e2studio/GNURL78v14.03-ELF/rl78-elf/rl78-elf/lib\libc.a(lib_a-mallocr.o)
                0x0000b83e                _malloc_r
 .text          0x0000c273       0x23 C:/Renesas/e2studio/GNURL78v14.03-ELF/rl78-elf/rl78-elf/lib\libc.a(lib_a-memset.o)
                0x0000c273                memset
 .text          0x0000c296        0x2 C:/Renesas/e2studio/GNURL78v14.03-ELF/rl78-elf/rl78-elf/lib\libc.a(lib_a-mlock.o)
                0x0000c296                __malloc_lock
                0x0000c297                __malloc_unlock
 .text          0x0000c298       0x30 C:/Renesas/e2studio/GNURL78v14.03-ELF/rl78-elf/rl78-elf/lib\libc.a(lib_a-sbrkr.o)
                0x0000c298                _sbrk_r
 .text          0x0000c2c8       0x41 C:/Renesas/e2studio/GNURL78v14.03-ELF/rl78-elf/rl78-elf/lib\libc.a(lib_a-strcmp.o)
                0x0000c2c8                strcmp
 .text          0x0000c309       0x25 C:/Renesas/e2studio/GNURL78v14.03-ELF/rl78-elf/rl78-elf/lib\libc.a(lib_a-strlen.o)
                0x0000c309                strlen
 .text          0x0000c32e      0x4bd C:/Renesas/e2studio/GNURL78v14.03-ELF/rl78-elf/rl78-elf/lib\libc.a(lib_a-freer.o)
                0x0000c32e                _malloc_trim_r
                0x0000c49c                _free_r
 .text.__generic_sidivmod_d
                0x0000c7eb      0x149 C:/Renesas/e2studio/GNURL78v14.03-ELF/rl78-elf/lib/gcc/rl78-elf/4.8-GNURL78_v14.03\libgcc.a(divmodsi.o)
                0x0000c7eb                _generic_sidivmod_d
                0x0000c805                _generic_sidiv
 .text.___udivsi3
                0x0000c934        0x4 C:/Renesas/e2studio/GNURL78v14.03-ELF/rl78-elf/lib/gcc/rl78-elf/4.8-GNURL78_v14.03\libgcc.a(divmodsi.o)
                0x0000c934                __udivsi3
 .text.___divsi3
                0x0000c938       0xa9 C:/Renesas/e2studio/GNURL78v14.03-ELF/rl78-elf/lib/gcc/rl78-elf/4.8-GNURL78_v14.03\libgcc.a(divmodsi.o)
                0x0000c938                __divsi3
 .text.uw_install_context.isra.1
                0x0000c9e1       0x26 C:/Renesas/e2studio/GNURL78v14.03-ELF/rl78-elf/lib/gcc/rl78-elf/4.8-GNURL78_v14.03\libgcc.a(unwind-sjlj.o)
 .text._Unwind_ForcedUnwind_Phase2
                0x0000ca07      0x10b C:/Renesas/e2studio/GNURL78v14.03-ELF/rl78-elf/lib/gcc/rl78-elf/4.8-GNURL78_v14.03\libgcc.a(unwind-sjlj.o)
 .text._Unwind_RaiseException_Phase2
                0x0000cb12       0xf5 C:/Renesas/e2studio/GNURL78v14.03-ELF/rl78-elf/lib/gcc/rl78-elf/4.8-GNURL78_v14.03\libgcc.a(unwind-sjlj.o)
 .text._Unwind_SjLj_Register
                0x0000cc07       0x17 C:/Renesas/e2studio/GNURL78v14.03-ELF/rl78-elf/lib/gcc/rl78-elf/4.8-GNURL78_v14.03\libgcc.a(unwind-sjlj.o)
                0x0000cc07                _Unwind_SjLj_Register
 .text._Unwind_SjLj_Unregister
                0x0000cc1e        0x8 C:/Renesas/e2studio/GNURL78v14.03-ELF/rl78-elf/lib/gcc/rl78-elf/4.8-GNURL78_v14.03\libgcc.a(unwind-sjlj.o)
                0x0000cc1e                _Unwind_SjLj_Unregister
 .text._Unwind_SetGR
                0x0000cc26       0x1d C:/Renesas/e2studio/GNURL78v14.03-ELF/rl78-elf/lib/gcc/rl78-elf/4.8-GNURL78_v14.03\libgcc.a(unwind-sjlj.o)
                0x0000cc26                _Unwind_SetGR
 .text._Unwind_GetIPInfo
                0x0000cc43       0x1d C:/Renesas/e2studio/GNURL78v14.03-ELF/rl78-elf/lib/gcc/rl78-elf/4.8-GNURL78_v14.03\libgcc.a(unwind-sjlj.o)
                0x0000cc43                _Unwind_GetIPInfo
 .text._Unwind_SetIP
                0x0000cc60        0xc C:/Renesas/e2studio/GNURL78v14.03-ELF/rl78-elf/lib/gcc/rl78-elf/4.8-GNURL78_v14.03\libgcc.a(unwind-sjlj.o)
                0x0000cc60                _Unwind_SetIP
 .text._Unwind_GetLanguageSpecificData
                0x0000cc6c        0xa C:/Renesas/e2studio/GNURL78v14.03-ELF/rl78-elf/lib/gcc/rl78-elf/4.8-GNURL78_v14.03\libgcc.a(unwind-sjlj.o)
                0x0000cc6c                _Unwind_GetLanguageSpecificData
 .text._Unwind_GetRegionStart
                0x0000cc76        0x5 C:/Renesas/e2studio/GNURL78v14.03-ELF/rl78-elf/lib/gcc/rl78-elf/4.8-GNURL78_v14.03\libgcc.a(unwind-sjlj.o)
                0x0000cc76                _Unwind_GetRegionStart
 .text._Unwind_GetDataRelBase
                0x0000cc7b        0x5 C:/Renesas/e2studio/GNURL78v14.03-ELF/rl78-elf/lib/gcc/rl78-elf/4.8-GNURL78_v14.03\libgcc.a(unwind-sjlj.o)
                0x0000cc7b                _Unwind_GetDataRelBase
 .text._Unwind_GetTextRelBase
                0x0000cc80        0x5 C:/Renesas/e2studio/GNURL78v14.03-ELF/rl78-elf/lib/gcc/rl78-elf/4.8-GNURL78_v14.03\libgcc.a(unwind-sjlj.o)
                0x0000cc80                _Unwind_GetTextRelBase
 .text._Unwind_SjLj_RaiseException
                0x0000cc85       0xda C:/Renesas/e2studio/GNURL78v14.03-ELF/rl78-elf/lib/gcc/rl78-elf/4.8-GNURL78_v14.03\libgcc.a(unwind-sjlj.o)
                0x0000cc85                _Unwind_SjLj_RaiseException
 .text._Unwind_SjLj_Resume
                0x0000cd5f       0x5d C:/Renesas/e2studio/GNURL78v14.03-ELF/rl78-elf/lib/gcc/rl78-elf/4.8-GNURL78_v14.03\libgcc.a(unwind-sjlj.o)
                0x0000cd5f                _Unwind_SjLj_Resume
 .text._Unwind_SjLj_Resume_or_Rethrow
                0x0000cdbc       0x51 C:/Renesas/e2studio/GNURL78v14.03-ELF/rl78-elf/lib/gcc/rl78-elf/4.8-GNURL78_v14.03\libgcc.a(unwind-sjlj.o)
                0x0000cdbc                _Unwind_SjLj_Resume_or_Rethrow
 .text._Unwind_DeleteException
                0x0000ce0d       0x23 C:/Renesas/e2studio/GNURL78v14.03-ELF/rl78-elf/lib/gcc/rl78-elf/4.8-GNURL78_v14.03\libgcc.a(unwind-sjlj.o)
                0x0000ce0d                _Unwind_DeleteException
 .text          0x0000ce30       0x1f C:/Renesas/e2studio/GNURL78v14.03-ELF/rl78-elf/rl78-elf/lib\libnosys.a(sbrk.o)
                0x0000ce30                sbrk
 *(PFDL_COD)
 *reset_program.o(.text)
 *(.text.*personality*)
 *(.gnu.warning)
 *(.interp .hash .dynsym .dynstr .gnu.version*)
                0x0000ce4f                PROVIDE (__etext, .)
                0x0000ce4f                PROVIDE (_etext, .)
                0x0000ce4f                PROVIDE (etext, .)
                0x0000ce50                . = ALIGN (0x2)
 *fill*         0x0000ce4f        0x1 
 *(.init)
 .init          0x0000ce50        0x0 ./gr_common/RLduino78/portable/e2studio/RL78/reset_program.o
                0x0000ce50                _rl78_init
 .init          0x0000ce50        0x4 C:/Renesas/e2studio/GNURL78v14.03-ELF/rl78-elf/lib/gcc/rl78-elf/4.8-GNURL78_v14.03/crtbegin.o
 .init          0x0000ce54        0x4 C:/Renesas/e2studio/GNURL78v14.03-ELF/rl78-elf/lib/gcc/rl78-elf/4.8-GNURL78_v14.03/crtend.o
 .init          0x0000ce58        0x9 C:/Renesas/e2studio/GNURL78v14.03-ELF/rl78-elf/rl78-elf/lib/crtn.o
                0x0000ce61                _rl78_init_end
 *(.fini)
 .fini          0x0000ce61        0x4 ./gr_common/RLduino78/portable/e2studio/RL78/reset_program.o
                0x0000ce61                _rl78_fini
 .fini          0x0000ce65        0x4 C:/Renesas/e2studio/GNURL78v14.03-ELF/rl78-elf/lib/gcc/rl78-elf/4.8-GNURL78_v14.03/crtbegin.o
 .fini          0x0000ce69        0x1 C:/Renesas/e2studio/GNURL78v14.03-ELF/rl78-elf/rl78-elf/lib/crtn.o
                0x0000ce6a                _rl78_fini_end

.stab
 *(.stab)

.stabstr
 *(.stabstr)

.stab.excl
 *(.stab.excl)

.stab.exclstr
 *(.stab.exclstr)

.stab.index
 *(.stab.index)

.stab.indexstr
 *(.stab.indexstr)

.comment        0x00000000      0x130
 *(.comment)
 .comment       0x00000000       0x98 ./Adafruit_GFX.o
                                 0x99 (size before relaxing)
 .comment       0x00000000       0x99 ./Adafruit_LEDBackpack.o
 .comment       0x00000000       0x99 ./gr_sketch.o
 .comment       0x00000000       0x99 ./gr_common/RLduino78/cores/HardwareSerial.o
 .comment       0x00000000       0x99 ./gr_common/RLduino78/cores/IPAddress.o
 .comment       0x00000000       0x99 ./gr_common/RLduino78/cores/Print.o
 .comment       0x00000000       0x99 ./gr_common/RLduino78/cores/RLduino78_basic.o
 .comment       0x00000000       0x99 ./gr_common/RLduino78/cores/RLduino78_main.o
 .comment       0x00000000       0x99 ./gr_common/RLduino78/cores/RLduino78_RTC.o
 .comment       0x00000000       0x99 ./gr_common/RLduino78/libraries/Ethernet/Dhcp.o
 .comment       0x00000000       0x99 ./gr_common/RLduino78/libraries/Ethernet/Dns.o
 .comment       0x00000000       0x99 ./gr_common/RLduino78/libraries/Ethernet/Ethernet.o
 .comment       0x00000000       0x99 ./gr_common/RLduino78/libraries/Ethernet/EthernetClient.o
 .comment       0x00000000       0x99 ./gr_common/RLduino78/libraries/Ethernet/EthernetServer.o
 .comment       0x00000000       0x99 ./gr_common/RLduino78/libraries/Ethernet/EthernetUdp.o
 .comment       0x00000000       0x99 ./gr_common/RLduino78/libraries/Ethernet/Twitter.o
 .comment       0x00000000       0x99 ./gr_common/RLduino78/libraries/Firmata/Firmata.o
 .comment       0x00000000       0x99 ./gr_common/RLduino78/libraries/SD/SD.o
 .comment       0x00000000       0x99 ./gr_common/RLduino78/libraries/SD/utility/Sd2Card.o
 .comment       0x00000000       0x99 ./gr_common/RLduino78/libraries/SD/utility/SdFile.o
 .comment       0x00000000       0x99 ./gr_common/RLduino78/libraries/SD/utility/SdVolume.o
 .comment       0x00000000       0x99 ./gr_common/RLduino78/libraries/Servo/Servo.o
 .comment       0x00000000       0x99 ./gr_common/RLduino78/libraries/Wire/Wire.o
 .comment       0x00000000       0x99 ./gr_common/RLduino78/portable/e2studio/RL78/exception_handler.o
 .comment       0x00000000       0x99 ./gr_common/RLduino78/cores/RLduino78_timer.o
 .comment       0x00000000       0x99 ./gr_common/RLduino78/libraries/Wire/utility/twi.o
 .comment       0x00000000       0x99 ./gr_common/RLduino78/portable/e2studio/RL78/interrupt_handlers.o
 .comment       0x00000000       0x99 ./gr_common/RLduino78/portable/e2studio/RL78/vector_table.o
 .comment       0x00000000       0x99 C:/Renesas/e2studio/GNURL78v14.03-ELF/rl78-elf/lib/gcc/rl78-elf/4.8-GNURL78_v14.03/crtbegin.o
 .comment       0x00000000       0x99 C:/Renesas/e2studio/GNURL78v14.03-ELF/rl78-elf/lib/gcc/rl78-elf/4.8-GNURL78_v14.03/crtend.o
 .comment       0x00000000       0x99 C:/Renesas/e2studio/GNURL78v14.03-ELF/rl78-elf/rl78-elf/lib\libstdc++.a(si_class_type_info.o)
 .comment       0x00000000       0x99 C:/Renesas/e2studio/GNURL78v14.03-ELF/rl78-elf/rl78-elf/lib\libstdc++.a(eh_throw.o)
 .comment       0x00000000       0x99 C:/Renesas/e2studio/GNURL78v14.03-ELF/rl78-elf/rl78-elf/lib\libstdc++.a(class_type_info.o)
 .comment       0x00000000       0x99 C:/Renesas/e2studio/GNURL78v14.03-ELF/rl78-elf/rl78-elf/lib\libstdc++.a(eh_catch.o)
 .comment       0x00000000       0x99 C:/Renesas/e2studio/GNURL78v14.03-ELF/rl78-elf/rl78-elf/lib\libstdc++.a(del_op.o)